Archive member included to satisfy reference by file (symbol)

c:/program files (x86)/atmel/studio/7.0/toolchain/arm/arm-gnu-toolchain/bin/../lib/gcc/arm-none-eabi/6.3.1/../../../../arm-none-eabi/lib/thumb/v7e-m\libc.a(lib_a-exit.o)
                              c:/program files (x86)/atmel/studio/7.0/toolchain/arm/arm-gnu-toolchain/bin/../lib/gcc/arm-none-eabi/6.3.1/../../../../arm-none-eabi/lib/thumb/v7e-m/crt0.o (exit)
c:/program files (x86)/atmel/studio/7.0/toolchain/arm/arm-gnu-toolchain/bin/../lib/gcc/arm-none-eabi/6.3.1/../../../../arm-none-eabi/lib/thumb/v7e-m\libc.a(lib_a-impure.o)
                              c:/program files (x86)/atmel/studio/7.0/toolchain/arm/arm-gnu-toolchain/bin/../lib/gcc/arm-none-eabi/6.3.1/../../../../arm-none-eabi/lib/thumb/v7e-m\libc.a(lib_a-exit.o) (_global_impure_ptr)
c:/program files (x86)/atmel/studio/7.0/toolchain/arm/arm-gnu-toolchain/bin/../lib/gcc/arm-none-eabi/6.3.1/../../../../arm-none-eabi/lib/thumb/v7e-m\libc.a(lib_a-init.o)
                              c:/program files (x86)/atmel/studio/7.0/toolchain/arm/arm-gnu-toolchain/bin/../lib/gcc/arm-none-eabi/6.3.1/../../../../arm-none-eabi/lib/thumb/v7e-m/crt0.o (__libc_init_array)
c:/program files (x86)/atmel/studio/7.0/toolchain/arm/arm-gnu-toolchain/bin/../lib/gcc/arm-none-eabi/6.3.1/../../../../arm-none-eabi/lib/thumb/v7e-m\libc.a(lib_a-malloc.o)
                              src/ASF/common/components/touch/mxt/mxt_device_1.o (malloc)
c:/program files (x86)/atmel/studio/7.0/toolchain/arm/arm-gnu-toolchain/bin/../lib/gcc/arm-none-eabi/6.3.1/../../../../arm-none-eabi/lib/thumb/v7e-m\libc.a(lib_a-mallocr.o)
                              c:/program files (x86)/atmel/studio/7.0/toolchain/arm/arm-gnu-toolchain/bin/../lib/gcc/arm-none-eabi/6.3.1/../../../../arm-none-eabi/lib/thumb/v7e-m\libc.a(lib_a-malloc.o) (_malloc_r)
c:/program files (x86)/atmel/studio/7.0/toolchain/arm/arm-gnu-toolchain/bin/../lib/gcc/arm-none-eabi/6.3.1/../../../../arm-none-eabi/lib/thumb/v7e-m\libc.a(lib_a-memset.o)
                              c:/program files (x86)/atmel/studio/7.0/toolchain/arm/arm-gnu-toolchain/bin/../lib/gcc/arm-none-eabi/6.3.1/../../../../arm-none-eabi/lib/thumb/v7e-m/crt0.o (memset)
c:/program files (x86)/atmel/studio/7.0/toolchain/arm/arm-gnu-toolchain/bin/../lib/gcc/arm-none-eabi/6.3.1/../../../../arm-none-eabi/lib/thumb/v7e-m\libc.a(lib_a-mlock.o)
                              c:/program files (x86)/atmel/studio/7.0/toolchain/arm/arm-gnu-toolchain/bin/../lib/gcc/arm-none-eabi/6.3.1/../../../../arm-none-eabi/lib/thumb/v7e-m\libc.a(lib_a-mallocr.o) (__malloc_lock)
c:/program files (x86)/atmel/studio/7.0/toolchain/arm/arm-gnu-toolchain/bin/../lib/gcc/arm-none-eabi/6.3.1/../../../../arm-none-eabi/lib/thumb/v7e-m\libc.a(lib_a-sbrkr.o)
                              c:/program files (x86)/atmel/studio/7.0/toolchain/arm/arm-gnu-toolchain/bin/../lib/gcc/arm-none-eabi/6.3.1/../../../../arm-none-eabi/lib/thumb/v7e-m\libc.a(lib_a-mallocr.o) (_sbrk_r)
c:/program files (x86)/atmel/studio/7.0/toolchain/arm/arm-gnu-toolchain/bin/../lib/gcc/arm-none-eabi/6.3.1/../../../../arm-none-eabi/lib/thumb/v7e-m\libc.a(lib_a-sprintf.o)
                              src/main.o (sprintf)
c:/program files (x86)/atmel/studio/7.0/toolchain/arm/arm-gnu-toolchain/bin/../lib/gcc/arm-none-eabi/6.3.1/../../../../arm-none-eabi/lib/thumb/v7e-m\libc.a(lib_a-strcat.o)
                              src/main.o (strcat)
c:/program files (x86)/atmel/studio/7.0/toolchain/arm/arm-gnu-toolchain/bin/../lib/gcc/arm-none-eabi/6.3.1/../../../../arm-none-eabi/lib/thumb/v7e-m\libc.a(lib_a-strcpy.o)
                              c:/program files (x86)/atmel/studio/7.0/toolchain/arm/arm-gnu-toolchain/bin/../lib/gcc/arm-none-eabi/6.3.1/../../../../arm-none-eabi/lib/thumb/v7e-m\libc.a(lib_a-strcat.o) (strcpy)
c:/program files (x86)/atmel/studio/7.0/toolchain/arm/arm-gnu-toolchain/bin/../lib/gcc/arm-none-eabi/6.3.1/../../../../arm-none-eabi/lib/thumb/v7e-m\libc.a(lib_a-strlen.o)
                              src/main.o (strlen)
c:/program files (x86)/atmel/studio/7.0/toolchain/arm/arm-gnu-toolchain/bin/../lib/gcc/arm-none-eabi/6.3.1/../../../../arm-none-eabi/lib/thumb/v7e-m\libc.a(lib_a-svfprintf.o)
                              c:/program files (x86)/atmel/studio/7.0/toolchain/arm/arm-gnu-toolchain/bin/../lib/gcc/arm-none-eabi/6.3.1/../../../../arm-none-eabi/lib/thumb/v7e-m\libc.a(lib_a-sprintf.o) (_svfprintf_r)
c:/program files (x86)/atmel/studio/7.0/toolchain/arm/arm-gnu-toolchain/bin/../lib/gcc/arm-none-eabi/6.3.1/../../../../arm-none-eabi/lib/thumb/v7e-m\libc.a(lib_a-__call_atexit.o)
                              c:/program files (x86)/atmel/studio/7.0/toolchain/arm/arm-gnu-toolchain/bin/../lib/gcc/arm-none-eabi/6.3.1/../../../../arm-none-eabi/lib/thumb/v7e-m\libc.a(lib_a-exit.o) (__call_exitprocs)
c:/program files (x86)/atmel/studio/7.0/toolchain/arm/arm-gnu-toolchain/bin/../lib/gcc/arm-none-eabi/6.3.1/../../../../arm-none-eabi/lib/thumb/v7e-m\libc.a(lib_a-atexit.o)
[...]
Memory Configuration

Name             Origin             Length             Attributes
rom              0x00400000         0x00200000         xr
ram              0x20400000         0x00060000         xrw
*default*        0x00000000         0xffffffff

Linker script and memory map

LOAD c:/program files (x86)/atmel/studio/7.0/toolchain/arm/arm-gnu-toolchain/bin/../lib/gcc/arm-none-eabi/6.3.1/thumb/v7e-m/crti.o
LOAD c:/program files (x86)/atmel/studio/7.0/toolchain/arm/arm-gnu-toolchain/bin/../lib/gcc/arm-none-eabi/6.3.1/thumb/v7e-m/crtbegin.o
LOAD c:/program files (x86)/atmel/studio/7.0/toolchain/arm/arm-gnu-toolchain/bin/../lib/gcc/arm-none-eabi/6.3.1/../../../../arm-none-eabi/lib/thumb/v7e-m/crt0.o
LOAD src/ASF/common/components/touch/mxt/mxt_device_1.o
LOAD src/ASF/common/services/clock/same70/sysclk.o
LOAD src/ASF/common/services/delay/sam/cycle_counter.o
LOAD src/ASF/common/services/serial/usart_serial.o
LOAD src/ASF/common/services/sleepmgr/sam/sleepmgr.o
LOAD src/ASF/common/services/spi/sam_spi/spi_master.o
LOAD src/ASF/common/utils/interrupt/interrupt_sam_nvic.o
LOAD src/ASF/common/utils/stdio/read.o
LOAD src/ASF/common/utils/stdio/write.o
LOAD src/ASF/sam/boards/same70_xplained/init.o
LOAD src/ASF/sam/components/display/ili9488/ili9488.o
LOAD src/ASF/sam/drivers/afec/afec.o
LOAD src/ASF/sam/drivers/mpu/mpu.o
LOAD src/ASF/sam/drivers/pio/pio.o
LOAD src/ASF/sam/drivers/pio/pio_handler.o
LOAD src/ASF/sam/drivers/pmc/pmc.o
LOAD src/ASF/sam/drivers/pmc/sleep.o
LOAD src/ASF/sam/drivers/spi/spi.o
LOAD src/ASF/sam/drivers/tc/tc.o
LOAD src/ASF/sam/drivers/twihs/twihs.o
LOAD src/ASF/sam/drivers/uart/uart.o
LOAD src/ASF/sam/drivers/usart/usart.o
LOAD src/ASF/sam/utils/cmsis/same70/source/templates/gcc/startup_same70.o
LOAD src/ASF/sam/utils/cmsis/same70/source/templates/system_same70.o
LOAD src/ASF/sam/utils/syscalls/gcc/syscalls.o
LOAD src/main.o
START GROUP
LOAD ../src/ASF/thirdparty/CMSIS/Lib/GCC\libarm_cortexM7lfsp_math_softfp.a
LOAD c:/program files (x86)/atmel/studio/7.0/toolchain/arm/arm-gnu-toolchain/bin/../lib/gcc/arm-none-eabi/6.3.1/../../../../arm-none-eabi/lib/thumb/v7e-m\libm.a
END GROUP
START GROUP
LOAD c:/program files (x86)/atmel/studio/7.0/toolchain/arm/arm-gnu-toolchain/bin/../lib/gcc/arm-none-eabi/6.3.1/thumb/v7e-m\libgcc.a
LOAD c:/program files (x86)/atmel/studio/7.0/toolchain/arm/arm-gnu-toolchain/bin/../lib/gcc/arm-none-eabi/6.3.1/../../../../arm-none-eabi/lib/thumb/v7e-m\libc.a
END GROUP
LOAD c:/program files (x86)/atmel/studio/7.0/toolchain/arm/arm-gnu-toolchain/bin/../lib/gcc/arm-none-eabi/6.3.1/thumb/v7e-m/crtend.o
LOAD c:/program files (x86)/atmel/studio/7.0/toolchain/arm/arm-gnu-toolchain/bin/../lib/gcc/arm-none-eabi/6.3.1/thumb/v7e-m/crtn.o
                0x00002000                STACK_SIZE = DEFINED (STACK_SIZE)?STACK_SIZE:0x2000
                0x2045fffc                __ram_end__ = ((ORIGIN (ram) + LENGTH (ram)) - 0x4)
                0x00000200                HEAP_SIZE = DEFINED (HEAP_SIZE)?HEAP_SIZE:0x200

.text           0x00400000    0xb7ad4
                0x00400000                . = ALIGN (0x4)
                0x00400000                _sfixed = .
 *(.vectors .vectors.*)
 .vectors       0x00400000      0x168 src/ASF/sam/utils/cmsis/same70/source/templates/gcc/startup_same70.o
                0x00400000                exception_table
 *(.text .text.* .gnu.linkonce.t.*)
 .text          0x00400168       0x6c c:/program files (x86)/atmel/studio/7.0/toolchain/arm/arm-gnu-toolchain/bin/../lib/gcc/arm-none-eabi/6.3.1/thumb/v7e-m/crtbegin.o
 .text.mxt_init_device
                0x004001d4      0x298 src/ASF/common/components/touch/mxt/mxt_device_1.o
                0x004001d4                mxt_init_device
 .text.mxt_get_object_address
                0x0040046c       0x40 src/ASF/common/components/touch/mxt/mxt_device_1.o
                0x0040046c                mxt_get_object_address
 .text.mxt_write_config_object
                0x004004ac       0x78 src/ASF/common/components/touch/mxt/mxt_device_1.o
                0x004004ac                mxt_write_config_object
 .text.mxt_write_config_reg
                0x00400524       0x48 src/ASF/common/components/touch/mxt/mxt_device_1.o
                0x00400524                mxt_write_config_reg
 .text.mxt_is_message_pending
                0x0040056c       0x24 src/ASF/common/components/touch/mxt/mxt_device_1.o
                0x0040056c                mxt_is_message_pending
 .text.mxt_read_message
                0x00400590       0x4c src/ASF/common/components/touch/mxt/mxt_device_1.o
                0x00400590                mxt_read_message
 .text.mxt_read_touch_event
                0x004005dc       0x70 src/ASF/common/components/touch/mxt/mxt_device_1.o
                0x004005dc                mxt_read_touch_event
 .text.sysclk_init
                0x0040064c       0x74 src/ASF/common/services/clock/same70/sysclk.o
                0x0040064c                sysclk_init
 .text.usart_serial_write_packet
                0x004006c0       0xd8 src/ASF/common/services/serial/usart_serial.o
                0x004006c0                usart_serial_write_packet
 .text.spi_master_init
                0x00400798       0x54 src/ASF/common/services/spi/sam_spi/spi_master.o
                0x00400798                spi_master_init
 .text.spi_master_setup_device
                0x004007ec       0x80 src/ASF/common/services/spi/sam_spi/spi_master.o
                0x004007ec                spi_master_setup_device
 .text.spi_select_device
                0x0040086c       0x30 src/ASF/common/services/spi/sam_spi/spi_master.o
                0x0040086c                spi_select_device
 .text.spi_write_packet
                0x0040089c       0x36 src/ASF/common/services/spi/sam_spi/spi_master.o
                0x0040089c                spi_write_packet
 .text.spi_read_packet
                0x004008d2       0x54 src/ASF/common/services/spi/sam_spi/spi_master.o
                0x004008d2                spi_read_packet
 *fill*         0x00400926        0x2 
 .text.board_init
                0x00400928      0x2bc src/ASF/sam/boards/same70_xplained/init.o
                0x00400928                board_init
 .text.ili9488_check_box_coordinates
                0x00400be4       0x56 src/ASF/sam/components/display/ili9488/ili9488.o
 *fill*         0x00400c3a        0x2 
 .text.ili9488_write_ram_prepare
                0x00400c3c       0x3c src/ASF/sam/components/display/ili9488/ili9488.o
 .text.ili9488_write_register
                0x00400c78       0x74 src/ASF/sam/components/display/ili9488/ili9488.o
 .text.ili9488_write_ram_buffer
                0x00400cec       0x40 src/ASF/sam/components/display/ili9488/ili9488.o
 .text.ili9488_delay
                0x00400d2c       0x1c src/ASF/sam/components/display/ili9488/ili9488.o
                0x00400d2c                ili9488_delay
 .text.ili9488_set_display_direction
                0x00400d48       0x2c src/ASF/sam/components/display/ili9488/ili9488.o
                0x00400d48                ili9488_set_display_direction
 .text.ili9488_set_window
                0x00400d74       0x80 src/ASF/sam/components/display/ili9488/ili9488.o
                0x00400d74                ili9488_set_window
 .text.ili9488_display_on
                0x00400df4       0x14 src/ASF/sam/components/display/ili9488/ili9488.o
                0x00400df4                ili9488_display_on
 .text.ili9488_display_off
                0x00400e08       0x14 src/ASF/sam/components/display/ili9488/ili9488.o
                0x00400e08                ili9488_display_off
 .text.ili9488_set_foreground_color
                0x00400e1c       0x28 src/ASF/sam/components/display/ili9488/ili9488.o
                0x00400e1c                ili9488_set_foreground_color
 .text.ili9488_set_cursor_position
                0x00400e44       0x64 src/ASF/sam/components/display/ili9488/ili9488.o
                0x00400e44                ili9488_set_cursor_position
 .text.ili9488_init
                0x00400ea8      0x1c4 src/ASF/sam/components/display/ili9488/ili9488.o
                0x00400ea8                ili9488_init
 .text.ili9488_draw_filled_rectangle
                0x0040106c       0xbc src/ASF/sam/components/display/ili9488/ili9488.o
                0x0040106c                ili9488_draw_filled_rectangle
 .text.ili9488_draw_pixmap
                0x00401128       0x78 src/ASF/sam/components/display/ili9488/ili9488.o
                0x00401128                ili9488_draw_pixmap
 .text.afec_process_callback
                0x004011a0       0x88 src/ASF/sam/drivers/afec/afec.o
 .text.afec_ch_set_config
                0x00401228       0x30 src/ASF/sam/drivers/afec/afec.o
                0x00401228                afec_ch_set_config
 .text.afec_temp_sensor_set_config
                0x00401258       0x14 src/ASF/sam/drivers/afec/afec.o
                0x00401258                afec_temp_sensor_set_config
 .text.afec_get_config_defaults
                0x0040126c       0x30 src/ASF/sam/drivers/afec/afec.o
                0x0040126c                afec_get_config_defaults
 .text.afec_ch_get_config_defaults
                0x0040129c        0xa src/ASF/sam/drivers/afec/afec.o
                0x0040129c                afec_ch_get_config_defaults
 .text.afec_temp_sensor_get_config_defaults
                0x004012a6       0x14 src/ASF/sam/drivers/afec/afec.o
                0x004012a6                afec_temp_sensor_get_config_defaults
 *fill*         0x004012ba        0x2 
 .text.afec_init
                0x004012bc       0xc8 src/ASF/sam/drivers/afec/afec.o
                0x004012bc                afec_init
 .text.afec_enable_interrupt
                0x00401384       0x38 src/ASF/sam/drivers/afec/afec.o
                0x00401384                afec_enable_interrupt
 .text.afec_set_callback
                0x004013bc       0x58 src/ASF/sam/drivers/afec/afec.o
                0x004013bc                afec_set_callback
 .text.AFEC0_Handler
                0x00401414       0x14 src/ASF/sam/drivers/afec/afec.o
                0x00401414                AFEC0_Handler
 .text.AFEC1_Handler
                0x00401428       0x14 src/ASF/sam/drivers/afec/afec.o
                0x00401428                AFEC1_Handler
 .text.afec_enable
                0x0040143c       0x64 src/ASF/sam/drivers/afec/afec.o
                0x0040143c                afec_enable
 .text.pio_set  0x004014a0        0x4 src/ASF/sam/drivers/pio/pio.o
                0x004014a0                pio_set
 .text.pio_clear
                0x004014a4        0x4 src/ASF/sam/drivers/pio/pio.o
                0x004014a4                pio_clear
 .text.pio_set_peripheral
                0x004014a8       0x92 src/ASF/sam/drivers/pio/pio.o
                0x004014a8                pio_set_peripheral
 .text.pio_set_input
                0x0040153a       0x36 src/ASF/sam/drivers/pio/pio.o
                0x0040153a                pio_set_input
 .text.pio_set_output
                0x00401570       0x28 src/ASF/sam/drivers/pio/pio.o
                0x00401570                pio_set_output
 .text.pio_configure
                0x00401598       0x90 src/ASF/sam/drivers/pio/pio.o
                0x00401598                pio_configure
 .text.pio_get_interrupt_status
                0x00401628        0x4 src/ASF/sam/drivers/pio/pio.o
                0x00401628                pio_get_interrupt_status
 .text.pio_get_interrupt_mask
                0x0040162c        0x4 src/ASF/sam/drivers/pio/pio.o
                0x0040162c                pio_get_interrupt_mask
 .text.pio_set_pin_high
                0x00401630       0x1c src/ASF/sam/drivers/pio/pio.o
                0x00401630                pio_set_pin_high
 .text.pio_set_pin_low
                0x0040164c       0x1c src/ASF/sam/drivers/pio/pio.o
                0x0040164c                pio_set_pin_low
 .text.pio_configure_pin
                0x00401668      0x130 src/ASF/sam/drivers/pio/pio.o
                0x00401668                pio_configure_pin
 .text.pio_handler_process
                0x00401798       0x50 src/ASF/sam/drivers/pio/pio_handler.o
                0x00401798                pio_handler_process
 .text.PIOA_Handler
                0x004017e8       0x14 src/ASF/sam/drivers/pio/pio_handler.o
                0x004017e8                PIOA_Handler
 .text.PIOB_Handler
                0x004017fc       0x14 src/ASF/sam/drivers/pio/pio_handler.o
                0x004017fc                PIOB_Handler
 .text.PIOC_Handler
                0x00401810       0x14 src/ASF/sam/drivers/pio/pio_handler.o
                0x00401810                PIOC_Handler
 .text.PIOD_Handler
                0x00401824       0x14 src/ASF/sam/drivers/pio/pio_handler.o
                0x00401824                PIOD_Handler
 .text.PIOE_Handler
                0x00401838       0x14 src/ASF/sam/drivers/pio/pio_handler.o
                0x00401838                PIOE_Handler
 .text.pmc_mck_set_division
                0x0040184c       0x38 src/ASF/sam/drivers/pmc/pmc.o
                0x0040184c                pmc_mck_set_division
 .text.pmc_switch_mck_to_pllack
                0x00401884       0x64 src/ASF/sam/drivers/pmc/pmc.o
                0x00401884                pmc_switch_mck_to_pllack
 .text.pmc_switch_mainck_to_xtal
                0x004018e8       0x54 src/ASF/sam/drivers/pmc/pmc.o
                0x004018e8                pmc_switch_mainck_to_xtal
 .text.pmc_osc_is_ready_mainck
                0x0040193c       0x10 src/ASF/sam/drivers/pmc/pmc.o
                0x0040193c                pmc_osc_is_ready_mainck
 .text.pmc_disable_pllack
                0x0040194c       0x10 src/ASF/sam/drivers/pmc/pmc.o
                0x0040194c                pmc_disable_pllack
 .text.pmc_is_locked_pllack
                0x0040195c       0x10 src/ASF/sam/drivers/pmc/pmc.o
                0x0040195c                pmc_is_locked_pllack
 .text.pmc_enable_periph_clk
                0x0040196c       0x20 src/ASF/sam/drivers/pmc/pmc.o
                0x0040196c                pmc_enable_periph_clk
 .text.pmc_disable_periph_clk
                0x0040198c       0x20 src/ASF/sam/drivers/pmc/pmc.o
                0x0040198c                pmc_disable_periph_clk
 .text.spi_enable_clock
                0x004019ac       0x2c src/ASF/sam/drivers/spi/spi.o
                0x004019ac                spi_enable_clock
 .text.spi_set_peripheral_chip_select_value
                0x004019d8       0x16 src/ASF/sam/drivers/spi/spi.o
                0x004019d8                spi_set_peripheral_chip_select_value
 .text.spi_set_delay_between_chip_select
                0x004019ee       0x12 src/ASF/sam/drivers/spi/spi.o
                0x004019ee                spi_set_delay_between_chip_select
 .text.spi_write
                0x00401a00       0x34 src/ASF/sam/drivers/spi/spi.o
                0x00401a00                spi_write
 .text.spi_set_clock_polarity
                0x00401a34       0x1e src/ASF/sam/drivers/spi/spi.o
                0x00401a34                spi_set_clock_polarity
 .text.spi_set_clock_phase
                0x00401a52       0x1e src/ASF/sam/drivers/spi/spi.o
                0x00401a52                spi_set_clock_phase
 .text.spi_configure_cs_behavior
                0x00401a70       0x46 src/ASF/sam/drivers/spi/spi.o
                0x00401a70                spi_configure_cs_behavior
 .text.spi_set_bits_per_transfer
                0x00401ab6       0x14 src/ASF/sam/drivers/spi/spi.o
                0x00401ab6                spi_set_bits_per_transfer
 .text.spi_calc_baudrate_div
                0x00401aca       0x16 src/ASF/sam/drivers/spi/spi.o
                0x00401aca                spi_calc_baudrate_div
 .text.spi_set_baudrate_div
                0x00401ae0       0x28 src/ASF/sam/drivers/spi/spi.o
                0x00401ae0                spi_set_baudrate_div
 .text.spi_set_transfer_delay
                0x00401b08       0x1e src/ASF/sam/drivers/spi/spi.o
                0x00401b08                spi_set_transfer_delay
 .text.tc_init  0x00401b26       0x1a src/ASF/sam/drivers/tc/tc.o
                0x00401b26                tc_init
 .text.tc_start
                0x00401b40        0x8 src/ASF/sam/drivers/tc/tc.o
                0x00401b40                tc_start
 .text.tc_write_rc
                0x00401b48        0x8 src/ASF/sam/drivers/tc/tc.o
                0x00401b48                tc_write_rc
 .text.tc_enable_interrupt
                0x00401b50        0x8 src/ASF/sam/drivers/tc/tc.o
                0x00401b50                tc_enable_interrupt
 .text.tc_get_status
                0x00401b58        0x8 src/ASF/sam/drivers/tc/tc.o
                0x00401b58                tc_get_status
 .text.tc_find_mck_divisor
                0x00401b60       0x70 src/ASF/sam/drivers/tc/tc.o
                0x00401b60                tc_find_mck_divisor
 .text.twihs_set_speed
                0x00401bd0       0xb0 src/ASF/sam/drivers/twihs/twihs.o
                0x00401bd0                twihs_set_speed
 .text.twihs_master_init
                0x00401c80       0x34 src/ASF/sam/drivers/twihs/twihs.o
                0x00401c80                twihs_master_init
 .text.twihs_master_read
                0x00401cb4       0xac src/ASF/sam/drivers/twihs/twihs.o
                0x00401cb4                twihs_master_read
 .text.twihs_master_write
                0x00401d60       0xa0 src/ASF/sam/drivers/twihs/twihs.o
                0x00401d60                twihs_master_write
 .text.uart_write
                0x00401e00       0x12 src/ASF/sam/drivers/uart/uart.o
                0x00401e00                uart_write
 .text.usart_set_async_baudrate
                0x00401e12       0x5a src/ASF/sam/drivers/usart/usart.o
                0x00401e12                usart_set_async_baudrate
 .text.usart_reset
                0x00401e6c       0x28 src/ASF/sam/drivers/usart/usart.o
                0x00401e6c                usart_reset
 .text.usart_init_rs232
                0x00401e94       0x54 src/ASF/sam/drivers/usart/usart.o
                0x00401e94                usart_init_rs232
 .text.usart_enable_tx
                0x00401ee8        0x6 src/ASF/sam/drivers/usart/usart.o
                0x00401ee8                usart_enable_tx
 .text.usart_enable_rx
                0x00401eee        0x6 src/ASF/sam/drivers/usart/usart.o
                0x00401eee                usart_enable_rx
 .text.usart_is_tx_ready
                0x00401ef4        0x8 src/ASF/sam/drivers/usart/usart.o
                0x00401ef4                usart_is_tx_ready
 .text.usart_write
                0x00401efc       0x16 src/ASF/sam/drivers/usart/usart.o
                0x00401efc                usart_write
 .text.usart_read
                0x00401f12       0x18 src/ASF/sam/drivers/usart/usart.o
                0x00401f12                usart_read
 .text.Dummy_Handler
                0x00401f2a        0x2 src/ASF/sam/utils/cmsis/same70/source/templates/gcc/startup_same70.o
                0x00401f2a                DACC_Handler
                0x00401f2a                DebugMon_Handler
                0x00401f2a                UART3_Handler
                0x00401f2a                UART2_Handler
                0x00401f2a                TRNG_Handler
                0x00401f2a                HardFault_Handler
                0x00401f2a                TC2_Handler
                0x00401f2a                PendSV_Handler
                0x00401f2a                NMI_Handler
                0x00401f2a                TC7_Handler
                0x00401f2a                QSPI_Handler
                0x00401f2a                ISI_Handler
                0x00401f2a                MCAN0_INT0_Handler
                0x00401f2a                TC9_Handler
                0x00401f2a                RSWDT_Handler
                0x00401f2a                USART0_Handler
                0x00401f2a                RTT_Handler
                0x00401f2a                USBHS_Handler
                0x00401f2a                IXC_Handler
                0x00401f2a                CCF_Handler
                0x00401f2a                RTC_Handler
                0x00401f2a                UsageFault_Handler
                0x00401f2a                TC6_Handler
                0x00401f2a                WDT_Handler
                0x00401f2a                MCAN1_INT1_Handler
                0x00401f2a                TC4_Handler
                0x00401f2a                HSMCI_Handler
                0x00401f2a                UART1_Handler
                0x00401f2a                TC3_Handler
                0x00401f2a                Dummy_Handler
                0x00401f2a                TWIHS1_Handler
                0x00401f2a                XDMAC_Handler
                0x00401f2a                UART4_Handler
                0x00401f2a                PWM1_Handler
                0x00401f2a                USART1_Handler
                0x00401f2a                PWM0_Handler
                0x00401f2a                CCW_Handler
                0x00401f2a                SSC_Handler
                0x00401f2a                TC11_Handler
                0x00401f2a                ACC_Handler
                0x00401f2a                PMC_Handler
                0x00401f2a                GMAC_Handler
                0x00401f2a                MCAN0_INT1_Handler
                0x00401f2a                MemManage_Handler
                0x00401f2a                SUPC_Handler
                0x00401f2a                SVC_Handler
                0x00401f2a                TC8_Handler
                0x00401f2a                MCAN1_INT0_Handler
                0x00401f2a                EFC_Handler
                0x00401f2a                GMAC_Q1_Handler
                0x00401f2a                USART2_Handler
                0x00401f2a                SDRAMC_Handler
                0x00401f2a                GMAC_Q2_Handler
                0x00401f2a                SPI1_Handler
                0x00401f2a                TC10_Handler
                0x00401f2a                TWIHS2_Handler
                0x00401f2a                UART0_Handler
                0x00401f2a                FPU_Handler
                0x00401f2a                BusFault_Handler
                0x00401f2a                RSTC_Handler
                0x00401f2a                TC0_Handler
                0x00401f2a                TC5_Handler
                0x00401f2a                ICM_Handler
                0x00401f2a                AES_Handler
                0x00401f2a                TWIHS0_Handler
                0x00401f2a                SPI0_Handler
 .text.Reset_Handler
                0x00401f2c       0xc8 src/ASF/sam/utils/cmsis/same70/source/templates/gcc/startup_same70.o
                0x00401f2c                Reset_Handler
 .text.SystemCoreClockUpdate
                0x00401ff4      0x10c src/ASF/sam/utils/cmsis/same70/source/templates/system_same70.o
                0x00401ff4                SystemCoreClockUpdate
 .text.system_init_flash
                0x00402100       0x8c src/ASF/sam/utils/cmsis/same70/source/templates/system_same70.o
                0x00402100                system_init_flash
 .text._sbrk    0x0040218c       0x38 src/ASF/sam/utils/syscalls/gcc/syscalls.o
                0x0040218c                _sbrk
 .text.AFEC_Temp_callback
                0x004021c4       0x20 src/main.o
 .text.AFEC_Temp_callback1
                0x004021e4       0x20 src/main.o
 .text.SysTick_Handler
                0x00402204       0x10 src/main.o
                0x00402204                SysTick_Handler
 .text.config_console
                0x00402214       0x5c src/main.o
                0x00402214                config_console
 .text.usart_put_string
                0x00402270       0x20 src/main.o
                0x00402270                usart_put_string
 .text.usart_get_string
                0x00402290       0x58 src/main.o
                0x00402290                usart_get_string
 .text.usart_send_command
                0x004022e8       0x50 src/main.o
                0x004022e8                usart_send_command
 .text.usart_log
                0x00402338       0x40 src/main.o
                0x00402338                usart_log
 .text.hc05_config_server
                0x00402378       0x80 src/main.o
                0x00402378                hc05_config_server
 .text.hc05_server_init
                0x004023f8       0x84 src/main.o
                0x004023f8                hc05_server_init
 .text.TC1_Handler
                0x0040247c       0x34 src/main.o
                0x0040247c                TC1_Handler
 .text.font_draw_text
                0x004024b0       0x60 src/main.o
                0x004024b0                font_draw_text
 .text.TC_init  0x00402510       0x94 src/main.o
                0x00402510                TC_init
 .text.draw_screen
                0x004025a4       0x24 src/main.o
                0x004025a4                draw_screen
 .text.draw_button
                0x004025c8       0x38 src/main.o
                0x004025c8                draw_button
 .text.config_io
                0x00402600       0x28 src/main.o
                0x00402600                config_io
 .text.update_screen
                0x00402628      0x110 src/main.o
                0x00402628                update_screen
 .text.mxt_handler
                0x00402738       0xa4 src/main.o
                0x00402738                mxt_handler
 .text.main     0x004027dc      0x5c4 src/main.o
                0x004027dc                main
 .text.__libc_init_array
                0x00402da0       0x50 c:/program files (x86)/atmel/studio/7.0/toolchain/arm/arm-gnu-toolchain/bin/../lib/gcc/arm-none-eabi/6.3.1/../../../../arm-none-eabi/lib/thumb/v7e-m\libc.a(lib_a-init.o)
                0x00402da0                __libc_init_array
 .text.malloc   0x00402df0       0x10 c:/program files (x86)/atmel/studio/7.0/toolchain/arm/arm-gnu-toolchain/bin/../lib/gcc/arm-none-eabi/6.3.1/../../../../arm-none-eabi/lib/thumb/v7e-m\libc.a(lib_a-malloc.o)
                0x00402df0                malloc
 .text._malloc_r
                0x00402e00      0x560 c:/program files (x86)/atmel/studio/7.0/toolchain/arm/arm-gnu-toolchain/bin/../lib/gcc/arm-none-eabi/6.3.1/../../../../arm-none-eabi/lib/thumb/v7e-m\libc.a(lib_a-mallocr.o)
                0x00402e00                _malloc_r
 .text.memset   0x00403360       0x9c c:/program files (x86)/atmel/studio/7.0/toolchain/arm/arm-gnu-toolchain/bin/../lib/gcc/arm-none-eabi/6.3.1/../../../../arm-none-eabi/lib/thumb/v7e-m\libc.a(lib_a-memset.o)
                0x00403360                memset
 .text.__malloc_lock
                0x004033fc        0xc c:/program files (x86)/atmel/studio/7.0/toolchain/arm/arm-gnu-toolchain/bin/../lib/gcc/arm-none-eabi/6.3.1/../../../../arm-none-eabi/lib/thumb/v7e-m\libc.a(lib_a-mlock.o)
                0x004033fc                __malloc_lock
 .text.__malloc_unlock
                0x00403408        0xc c:/program files (x86)/atmel/studio/7.0/toolchain/arm/arm-gnu-toolchain/bin/../lib/gcc/arm-none-eabi/6.3.1/../../../../arm-none-eabi/lib/thumb/v7e-m\libc.a(lib_a-mlock.o)
                0x00403408                __malloc_unlock
 .text._sbrk_r  0x00403414       0x24 c:/program files (x86)/atmel/studio/7.0/toolchain/arm/arm-gnu-toolchain/bin/../lib/gcc/arm-none-eabi/6.3.1/../../../../arm-none-eabi/lib/thumb/v7e-m\libc.a(lib_a-sbrkr.o)
                0x00403414                _sbrk_r
 .text.sprintf  0x00403438       0x4c c:/program files (x86)/atmel/studio/7.0/toolchain/arm/arm-gnu-toolchain/bin/../lib/gcc/arm-none-eabi/6.3.1/../../../../arm-none-eabi/lib/thumb/v7e-m\libc.a(lib_a-sprintf.o)
                0x00403438                sprintf
 .text.strcat   0x00403484       0x40 c:/program files (x86)/atmel/studio/7.0/toolchain/arm/arm-gnu-toolchain/bin/../lib/gcc/arm-none-eabi/6.3.1/../../../../arm-none-eabi/lib/thumb/v7e-m\libc.a(lib_a-strcat.o)
                0x00403484                strcat
 .text.strcpy   0x004034c4       0xbc c:/program files (x86)/atmel/studio/7.0/toolchain/arm/arm-gnu-toolchain/bin/../lib/gcc/arm-none-eabi/6.3.1/../../../../arm-none-eabi/lib/thumb/v7e-m\libc.a(lib_a-strcpy.o)
                0x004034c4                strcpy
 .text          0x00403580       0xdc c:/program files (x86)/atmel/studio/7.0/toolchain/arm/arm-gnu-toolchain/bin/../lib/gcc/arm-none-eabi/6.3.1/../../../../arm-none-eabi/lib/thumb/v7e-m\libc.a(lib_a-strlen.o)
                0x00403580                strlen
 .text._svfprintf_r
                0x0040365c     0x145c c:/program files (x86)/atmel/studio/7.0/toolchain/arm/arm-gnu-toolchain/bin/../lib/gcc/arm-none-eabi/6.3.1/../../../../arm-none-eabi/lib/thumb/v7e-m\libc.a(lib_a-svfprintf.o)
                0x0040365c                _svfprintf_r
 .text.startup.register_fini
                0x00404ab8       0x14 c:/program files (x86)/atmel/studio/7.0/toolchain/arm/arm-gnu-toolchain/bin/../lib/gcc/arm-none-eabi/6.3.1/../../../../arm-none-eabi/lib/thumb/v7e-m\libc.a(lib_a-__call_atexit.o)
 .text.atexit   0x00404acc        0xc c:/program files (x86)/atmel/studio/7.0/toolchain/arm/arm-gnu-toolchain/bin/../lib/gcc/arm-none-eabi/6.3.1/../../../../arm-none-eabi/lib/thumb/v7e-m\libc.a(lib_a-atexit.o)
                0x00404acc                atexit
 .text.quorem   0x00404ad8      0x128 c:/program files (x86)/atmel/studio/7.0/toolchain/arm/arm-gnu-toolchain/bin/../lib/gcc/arm-none-eabi/6.3.1/../../../../arm-none-eabi/lib/thumb/v7e-m\libc.a(lib_a-dtoa.o)
 .text._dtoa_r  0x00404c00      0xe54 c:/program files (x86)/atmel/studio/7.0/toolchain/arm/arm-gnu-toolchain/bin/../lib/gcc/arm-none-eabi/6.3.1/../../../../arm-none-eabi/lib/thumb/v7e-m\libc.a(lib_a-dtoa.o)
                0x00404c00                _dtoa_r
 .text.__libc_fini_array
                0x00405a54       0x34 c:/program files (x86)/atmel/studio/7.0/toolchain/arm/arm-gnu-toolchain/bin/../lib/gcc/arm-none-eabi/6.3.1/../../../../arm-none-eabi/lib/thumb/v7e-m\libc.a(lib_a-fini.o)
                0x00405a54                __libc_fini_array
 .text._malloc_trim_r
                0x00405a88       0xa0 c:/program files (x86)/atmel/studio/7.0/toolchain/arm/arm-gnu-toolchain/bin/../lib/gcc/arm-none-eabi/6.3.1/../../../../arm-none-eabi/lib/thumb/v7e-m\libc.a(lib_a-freer.o)
                0x00405a88                _malloc_trim_r
 .text._free_r  0x00405b28      0x1cc c:/program files (x86)/atmel/studio/7.0/toolchain/arm/arm-gnu-toolchain/bin/../lib/gcc/arm-none-eabi/6.3.1/../../../../arm-none-eabi/lib/thumb/v7e-m\libc.a(lib_a-freer.o)
                0x00405b28                _free_r
 .text._localeconv_r
                0x00405cf4       0x1c c:/program files (x86)/atmel/studio/7.0/toolchain/arm/arm-gnu-toolchain/bin/../lib/gcc/arm-none-eabi/6.3.1/../../../../arm-none-eabi/lib/thumb/v7e-m\libc.a(lib_a-localeconv.o)
                0x00405cf4                _localeconv_r
 .text.__retarget_lock_acquire_recursive
                0x00405d10        0x4 c:/program files (x86)/atmel/studio/7.0/toolchain/arm/arm-gnu-toolchain/bin/../lib/gcc/arm-none-eabi/6.3.1/../../../../arm-none-eabi/lib/thumb/v7e-m\libc.a(lib_a-lock.o)
                0x00405d10                __retarget_lock_acquire_recursive
 .text.__retarget_lock_release_recursive
                0x00405d14        0x4 c:/program files (x86)/atmel/studio/7.0/toolchain/arm/arm-gnu-toolchain/bin/../lib/gcc/arm-none-eabi/6.3.1/../../../../arm-none-eabi/lib/thumb/v7e-m\libc.a(lib_a-lock.o)
                0x00405d14                __retarget_lock_release_recursive
 *fill*         0x00405d18        0x8 
 .text          0x00405d20       0xa0 c:/program files (x86)/atmel/studio/7.0/toolchain/arm/arm-gnu-toolchain/bin/../lib/gcc/arm-none-eabi/6.3.1/../../../../arm-none-eabi/lib/thumb/v7e-m\libc.a(lib_a-memchr.o)
                0x00405d20                memchr
 .text          0x00405dc0      0x134 c:/program files (x86)/atmel/studio/7.0/toolchain/arm/arm-gnu-toolchain/bin/../lib/gcc/arm-none-eabi/6.3.1/../../../../arm-none-eabi/lib/thumb/v7e-m\libc.a(lib_a-memcpy.o)
                0x00405dc0                memcpy
 .text._Balloc  0x00405ef4       0x4c c:/program files (x86)/atmel/studio/7.0/toolchain/arm/arm-gnu-toolchain/bin/../lib/gcc/arm-none-eabi/6.3.1/../../../../arm-none-eabi/lib/thumb/v7e-m\libc.a(lib_a-mprec.o)
                0x00405ef4                _Balloc
 .text._Bfree   0x00405f40       0x14 c:/program files (x86)/atmel/studio/7.0/toolchain/arm/arm-gnu-toolchain/bin/../lib/gcc/arm-none-eabi/6.3.1/../../../../arm-none-eabi/lib/thumb/v7e-m\libc.a(lib_a-mprec.o)
                0x00405f40                _Bfree
 .text.__multadd
                0x00405f54       0x80 c:/program files (x86)/atmel/studio/7.0/toolchain/arm/arm-gnu-toolchain/bin/../lib/gcc/arm-none-eabi/6.3.1/../../../../arm-none-eabi/lib/thumb/v7e-m\libc.a(lib_a-mprec.o)
                0x00405f54                __multadd
 .text.__hi0bits
                0x00405fd4       0x40 c:/program files (x86)/atmel/studio/7.0/toolchain/arm/arm-gnu-toolchain/bin/../lib/gcc/arm-none-eabi/6.3.1/../../../../arm-none-eabi/lib/thumb/v7e-m\libc.a(lib_a-mprec.o)
                0x00405fd4                __hi0bits
 .text.__lo0bits
                0x00406014       0x60 c:/program files (x86)/atmel/studio/7.0/toolchain/arm/arm-gnu-toolchain/bin/../lib/gcc/arm-none-eabi/6.3.1/../../../../arm-none-eabi/lib/thumb/v7e-m\libc.a(lib_a-mprec.o)
                0x00406014                __lo0bits
 .text.__i2b    0x00406074       0x14 c:/program files (x86)/atmel/studio/7.0/toolchain/arm/arm-gnu-toolchain/bin/../lib/gcc/arm-none-eabi/6.3.1/../../../../arm-none-eabi/lib/thumb/v7e-m\libc.a(lib_a-mprec.o)
                0x00406074                __i2b
 .text.__multiply
                0x00406088      0x124 c:/program files (x86)/atmel/studio/7.0/toolchain/arm/arm-gnu-toolchain/bin/../lib/gcc/arm-none-eabi/6.3.1/../../../../arm-none-eabi/lib/thumb/v7e-m\libc.a(lib_a-mprec.o)
                0x00406088                __multiply
 .text.__pow5mult
                0x004061ac       0xa0 c:/program files (x86)/atmel/studio/7.0/toolchain/arm/arm-gnu-toolchain/bin/../lib/gcc/arm-none-eabi/6.3.1/../../../../arm-none-eabi/lib/thumb/v7e-m\libc.a(lib_a-mprec.o)
                0x004061ac                __pow5mult
 .text.__lshift
                0x0040624c       0xa4 c:/program files (x86)/atmel/studio/7.0/toolchain/arm/arm-gnu-toolchain/bin/../lib/gcc/arm-none-eabi/6.3.1/../../../../arm-none-eabi/lib/thumb/v7e-m\libc.a(lib_a-mprec.o)
                0x0040624c                __lshift
 .text.__mcmp   0x004062f0       0x38 c:/program files (x86)/atmel/studio/7.0/toolchain/arm/arm-gnu-toolchain/bin/../lib/gcc/arm-none-eabi/6.3.1/../../../../arm-none-eabi/lib/thumb/v7e-m\libc.a(lib_a-mprec.o)
                0x004062f0                __mcmp
 .text.__mdiff  0x00406328      0x108 c:/program files (x86)/atmel/studio/7.0/toolchain/arm/arm-gnu-toolchain/bin/../lib/gcc/arm-none-eabi/6.3.1/../../../../arm-none-eabi/lib/thumb/v7e-m\libc.a(lib_a-mprec.o)
                0x00406328                __mdiff
 .text.__d2b    0x00406430       0xb8 c:/program files (x86)/atmel/studio/7.0/toolchain/arm/arm-gnu-toolchain/bin/../lib/gcc/arm-none-eabi/6.3.1/../../../../arm-none-eabi/lib/thumb/v7e-m\libc.a(lib_a-mprec.o)
                0x00406430                __d2b
 .text.__ssprint_r
                0x004064e8       0xfc c:/program files (x86)/atmel/studio/7.0/toolchain/arm/arm-gnu-toolchain/bin/../lib/gcc/arm-none-eabi/6.3.1/../../../../arm-none-eabi/lib/thumb/v7e-m\libc.a(lib_a-svfiprintf.o)
                0x004064e8                __ssprint_r
 .text.__register_exitproc
                0x004065e4       0xc4 c:/program files (x86)/atmel/studio/7.0/toolchain/arm/arm-gnu-toolchain/bin/../lib/gcc/arm-none-eabi/6.3.1/../../../../arm-none-eabi/lib/thumb/v7e-m\libc.a(lib_a-__atexit.o)
                0x004065e4                __register_exitproc
 .text._calloc_r
                0x004066a8       0x60 c:/program files (x86)/atmel/studio/7.0/toolchain/arm/arm-gnu-toolchain/bin/../lib/gcc/arm-none-eabi/6.3.1/../../../../arm-none-eabi/lib/thumb/v7e-m\libc.a(lib_a-callocr.o)
                0x004066a8                _calloc_r
 .text.__ascii_mbtowc
                0x00406708       0x2c c:/program files (x86)/atmel/studio/7.0/toolchain/arm/arm-gnu-toolchain/bin/../lib/gcc/arm-none-eabi/6.3.1/../../../../arm-none-eabi/lib/thumb/v7e-m\libc.a(lib_a-mbtowc_r.o)
                0x00406708                __ascii_mbtowc
 .text.memmove  0x00406734       0xc8 c:/program files (x86)/atmel/studio/7.0/toolchain/arm/arm-gnu-toolchain/bin/../lib/gcc/arm-none-eabi/6.3.1/../../../../arm-none-eabi/lib/thumb/v7e-m\libc.a(lib_a-memmove.o)
                0x00406734                memmove
 .text._realloc_r
                0x004067fc      0x34c c:/program files (x86)/atmel/studio/7.0/toolchain/arm/arm-gnu-toolchain/bin/../lib/gcc/arm-none-eabi/6.3.1/../../../../arm-none-eabi/lib/thumb/v7e-m\libc.a(lib_a-reallocr.o)
                0x004067fc                _realloc_r
 .text.__ascii_wctomb
                0x00406b48       0x1c c:/program files (x86)/atmel/studio/7.0/toolchain/arm/arm-gnu-toolchain/bin/../lib/gcc/arm-none-eabi/6.3.1/../../../../arm-none-eabi/lib/thumb/v7e-m\libc.a(lib_a-wctomb_r.o)
                0x00406b48                __ascii_wctomb
 .text          0x00406b64      0x370 c:/program files (x86)/atmel/studio/7.0/toolchain/arm/arm-gnu-toolchain/bin/../lib/gcc/arm-none-eabi/6.3.1/thumb/v7e-m\libgcc.a(_arm_addsubdf3.o)
                0x00406b64                __aeabi_drsub
                0x00406b6c                __aeabi_dsub
                0x00406b6c                __subdf3
                0x00406b70                __aeabi_dadd
                0x00406b70                __adddf3
                0x00406de8                __floatunsidf
                0x00406de8                __aeabi_ui2d
                0x00406e08                __floatsidf
                0x00406e08                __aeabi_i2d
                0x00406e2c                __aeabi_f2d
                0x00406e2c                __extendsfdf2
                0x00406e68                __floatundidf
                0x00406e68                __aeabi_ul2d
                0x00406e78                __floatdidf
                0x00406e78                __aeabi_l2d
 .text          0x00406ed4      0x424 c:/program files (x86)/atmel/studio/7.0/toolchain/arm/arm-gnu-toolchain/bin/../lib/gcc/arm-none-eabi/6.3.1/thumb/v7e-m\libgcc.a(_arm_muldivdf3.o)
                0x00406ed4                __aeabi_dmul
                0x00406ed4                __muldf3
                0x00407128                __divdf3
                0x00407128                __aeabi_ddiv
 .text          0x004072f8      0x110 c:/program files (x86)/atmel/studio/7.0/toolchain/arm/arm-gnu-toolchain/bin/../lib/gcc/arm-none-eabi/6.3.1/thumb/v7e-m\libgcc.a(_arm_cmpdf2.o)
                0x004072f8                __gtdf2
                0x004072f8                __gedf2
                0x00407300                __ltdf2
                0x00407300                __ledf2
                0x00407308                __nedf2
                0x00407308                __eqdf2
                0x00407308                __cmpdf2
                0x00407384                __aeabi_cdrcmple
                0x00407394                __aeabi_cdcmpeq
                0x00407394                __aeabi_cdcmple
                0x004073a4                __aeabi_dcmpeq
                0x004073b8                __aeabi_dcmplt
                0x004073cc                __aeabi_dcmple
                0x004073e0                __aeabi_dcmpge
                0x004073f4                __aeabi_dcmpgt
 .text          0x00407408       0x2c c:/program files (x86)/atmel/studio/7.0/toolchain/arm/arm-gnu-toolchain/bin/../lib/gcc/arm-none-eabi/6.3.1/thumb/v7e-m\libgcc.a(_arm_unorddf2.o)
                0x00407408                __unorddf2
                0x00407408                __aeabi_dcmpun
 .text          0x00407434       0x50 c:/program files (x86)/atmel/studio/7.0/toolchain/arm/arm-gnu-toolchain/bin/../lib/gcc/arm-none-eabi/6.3.1/thumb/v7e-m\libgcc.a(_arm_fixdfsi.o)
                0x00407434                __aeabi_d2iz
                0x00407434                __fixdfsi
 .text          0x00407484       0x30 c:/program files (x86)/atmel/studio/7.0/toolchain/arm/arm-gnu-toolchain/bin/../lib/gcc/arm-none-eabi/6.3.1/thumb/v7e-m\libgcc.a(_aeabi_uldivmod.o)
                0x00407484                __aeabi_uldivmod
 .text          0x004074b4      0x2dc c:/program files (x86)/atmel/studio/7.0/toolchain/arm/arm-gnu-toolchain/bin/../lib/gcc/arm-none-eabi/6.3.1/thumb/v7e-m\libgcc.a(_udivmoddi4.o)
                0x004074b4                __udivmoddi4
 .text          0x00407790        0x4 c:/program files (x86)/atmel/studio/7.0/toolchain/arm/arm-gnu-toolchain/bin/../lib/gcc/arm-none-eabi/6.3.1/thumb/v7e-m\libgcc.a(_dvmd_tls.o)
                0x00407790                __aeabi_idiv0
                0x00407790                __aeabi_ldiv0
 *(.glue_7t)
 .glue_7t       0x00407794        0x0 linker stubs
 *(.glue_7)
 .glue_7        0x00407794        0x0 linker stubs
 *(.rodata .rodata* .gnu.linkonce.r.*)
 .rodata        0x00407794       0x5d src/main.o
 *fill*         0x004077f1        0x3 
 .rodata.digital52
                0x004077f4        0xc src/main.o
                0x004077f4                digital52
 .rodata.digital52_0x20
                0x00407800        0xc src/main.o
 .rodata.digital52_0x21
                0x0040780c        0xc src/main.o
 .rodata.digital52_0x22
                0x00407818        0xc src/main.o
 .rodata.digital52_0x23
                0x00407824        0xc src/main.o
 .rodata.digital52_0x24
                0x00407830        0xc src/main.o
 .rodata.digital52_0x25
                0x0040783c        0xc src/main.o
 .rodata.digital52_0x26
                0x00407848        0xc src/main.o
 .rodata.digital52_0x27
                0x00407854        0xc src/main.o
 .rodata.digital52_0x28
                0x00407860        0xc src/main.o
 .rodata.digital52_0x29
                0x0040786c        0xc src/main.o
 .rodata.digital52_0x2a
                0x00407878        0xc src/main.o
 .rodata.digital52_0x2b
                0x00407884        0xc src/main.o
 .rodata.digital52_0x2c
                0x00407890        0xc src/main.o
 .rodata.digital52_0x2d
                0x0040789c        0xc src/main.o
 .rodata.digital52_0x2e
                0x004078a8        0xc src/main.o
 .rodata.digital52_0x2f
                0x004078b4        0xc src/main.o
 .rodata.digital52_0x30
                0x004078c0        0xc src/main.o
 .rodata.digital52_0x31
                0x004078cc        0xc src/main.o
 .rodata.digital52_0x32
                0x004078d8        0xc src/main.o
 .rodata.digital52_0x33
                0x004078e4        0xc src/main.o
 .rodata.digital52_0x34
                0x004078f0        0xc src/main.o
 .rodata.digital52_0x35
                0x004078fc        0xc src/main.o
 .rodata.digital52_0x36
                0x00407908        0xc src/main.o
 .rodata.digital52_0x37
                0x00407914        0xc src/main.o
 .rodata.digital52_0x38
                0x00407920        0xc src/main.o
 .rodata.digital52_0x39
                0x0040792c        0xc src/main.o
 .rodata.digital52_0x3a
                0x00407938        0xc src/main.o
 .rodata.digital52_0x3b
                0x00407944        0xc src/main.o
 .rodata.digital52_0x3c
                0x00407950        0xc src/main.o
 .rodata.digital52_0x3d
                0x0040795c        0xc src/main.o
 .rodata.digital52_0x3e
                0x00407968        0xc src/main.o
 .rodata.digital52_0x3f
                0x00407974        0xc src/main.o
 .rodata.digital52_0x40
                0x00407980        0xc src/main.o
 .rodata.digital52_0x41
                0x0040798c        0xc src/main.o
 .rodata.digital52_0x42
                0x00407998        0xc src/main.o
 .rodata.digital52_0x43
                0x004079a4        0xc src/main.o
 .rodata.digital52_0x44
                0x004079b0        0xc src/main.o
 .rodata.digital52_0x45
                0x004079bc        0xc src/main.o
 .rodata.digital52_0x46
                0x004079c8        0xc src/main.o
 .rodata.digital52_0x47
                0x004079d4        0xc src/main.o
 .rodata.digital52_0x48
                0x004079e0        0xc src/main.o
 .rodata.digital52_0x49
                0x004079ec        0xc src/main.o
 .rodata.digital52_0x4a
                0x004079f8        0xc src/main.o
 .rodata.digital52_0x4b
                0x00407a04        0xc src/main.o
 .rodata.digital52_0x4c
                0x00407a10        0xc src/main.o
 .rodata.digital52_0x4d
                0x00407a1c        0xc src/main.o
 .rodata.digital52_0x4e
                0x00407a28        0xc src/main.o
 .rodata.digital52_0x4f
                0x00407a34        0xc src/main.o
 .rodata.digital52_0x50
                0x00407a40        0xc src/main.o
 .rodata.digital52_0x51
                0x00407a4c        0xc src/main.o
 .rodata.digital52_0x52
                0x00407a58        0xc src/main.o
 .rodata.digital52_0x53
                0x00407a64        0xc src/main.o
 .rodata.digital52_0x54
                0x00407a70        0xc src/main.o
 .rodata.digital52_0x55
                0x00407a7c        0xc src/main.o
 .rodata.digital52_0x56
                0x00407a88        0xc src/main.o
 .rodata.digital52_0x57
                0x00407a94        0xc src/main.o
 .rodata.digital52_0x58
                0x00407aa0        0xc src/main.o
 .rodata.digital52_0x59
                0x00407aac        0xc src/main.o
 .rodata.digital52_0x5a
                0x00407ab8        0xc src/main.o
 .rodata.digital52_0x5b
                0x00407ac4        0xc src/main.o
 .rodata.digital52_0x5c
                0x00407ad0        0xc src/main.o
 .rodata.digital52_0x5d
                0x00407adc        0xc src/main.o
 .rodata.digital52_0x5e
                0x00407ae8        0xc src/main.o
 .rodata.digital52_0x5f
                0x00407af4        0xc src/main.o
 .rodata.digital52_0x60
                0x00407b00        0xc src/main.o
 .rodata.digital52_0x7b
                0x00407b0c        0xc src/main.o
 .rodata.digital52_0x7c
                0x00407b18        0xc src/main.o
 .rodata.digital52_0x7d
                0x00407b24        0xc src/main.o
 .rodata.digital52_0x7e
                0x00407b30        0xc src/main.o
 .rodata.digital52_array
                0x00407b3c      0x2f8 src/main.o
 .rodata.hc05_server_init.str1.4
                0x00407e34       0x37 src/main.o
 *fill*         0x00407e6b        0x1 
 .rodata.image_data_TELA_Prancheta1_correta
                0x00407e6c    0x70800 src/main.o
 .rodata.image_data_digital52_0x20
                0x0047866c      0xea0 src/main.o
 .rodata.image_data_digital52_0x21
                0x0047950c      0xea0 src/main.o
 .rodata.image_data_digital52_0x22
                0x0047a3ac      0xea0 src/main.o
 .rodata.image_data_digital52_0x23
                0x0047b24c      0xea0 src/main.o
 .rodata.image_data_digital52_0x24
                0x0047c0ec      0xea0 src/main.o
 .rodata.image_data_digital52_0x25
                0x0047cf8c      0xea0 src/main.o
 .rodata.image_data_digital52_0x26
                0x0047de2c      0xea0 src/main.o
 .rodata.image_data_digital52_0x27
                0x0047eccc      0xea0 src/main.o
 .rodata.image_data_digital52_0x28
                0x0047fb6c      0xea0 src/main.o
 .rodata.image_data_digital52_0x29
                0x00480a0c      0xea0 src/main.o
 .rodata.image_data_digital52_0x2a
                0x004818ac      0xea0 src/main.o
 .rodata.image_data_digital52_0x2b
                0x0048274c      0xea0 src/main.o
 .rodata.image_data_digital52_0x2c
                0x004835ec      0xea0 src/main.o
 .rodata.image_data_digital52_0x2d
                0x0048448c      0xea0 src/main.o
 .rodata.image_data_digital52_0x2e
                0x0048532c      0xea0 src/main.o
 .rodata.image_data_digital52_0x2f
                0x004861cc      0xea0 src/main.o
 .rodata.image_data_digital52_0x30
                0x0048706c      0xea0 src/main.o
 .rodata.image_data_digital52_0x31
                0x00487f0c      0xea0 src/main.o
 .rodata.image_data_digital52_0x32
                0x00488dac      0xea0 src/main.o
 .rodata.image_data_digital52_0x33
                0x00489c4c      0xea0 src/main.o
 .rodata.image_data_digital52_0x34
                0x0048aaec      0xea0 src/main.o
 .rodata.image_data_digital52_0x35
                0x0048b98c      0xea0 src/main.o
 .rodata.image_data_digital52_0x36
                0x0048c82c      0xea0 src/main.o
 .rodata.image_data_digital52_0x37
                0x0048d6cc      0xea0 src/main.o
 .rodata.image_data_digital52_0x38
                0x0048e56c      0xea0 src/main.o
 .rodata.image_data_digital52_0x39
                0x0048f40c      0xea0 src/main.o
 .rodata.image_data_digital52_0x3a
                0x004902ac      0xea0 src/main.o
 .rodata.image_data_digital52_0x3b
                0x0049114c      0xea0 src/main.o
 .rodata.image_data_digital52_0x3c
                0x00491fec      0xea0 src/main.o
 .rodata.image_data_digital52_0x3d
                0x00492e8c      0xea0 src/main.o
 .rodata.image_data_digital52_0x3e
                0x00493d2c      0xea0 src/main.o
 .rodata.image_data_digital52_0x3f
                0x00494bcc      0xea0 src/main.o
 .rodata.image_data_digital52_0x40
                0x00495a6c      0xea0 src/main.o
 .rodata.image_data_digital52_0x41
                0x0049690c      0xea0 src/main.o
 .rodata.image_data_digital52_0x42
                0x004977ac      0xea0 src/main.o
 .rodata.image_data_digital52_0x43
                0x0049864c      0xea0 src/main.o
 .rodata.image_data_digital52_0x44
                0x004994ec      0xea0 src/main.o
 .rodata.image_data_digital52_0x45
                0x0049a38c      0xea0 src/main.o
 .rodata.image_data_digital52_0x46
                0x0049b22c      0xea0 src/main.o
 .rodata.image_data_digital52_0x47
                0x0049c0cc      0xea0 src/main.o
 .rodata.image_data_digital52_0x48
                0x0049cf6c      0xea0 src/main.o
 .rodata.image_data_digital52_0x49
                0x0049de0c      0xea0 src/main.o
 .rodata.image_data_digital52_0x4a
                0x0049ecac      0xea0 src/main.o
 .rodata.image_data_digital52_0x4b
                0x0049fb4c      0xea0 src/main.o
 .rodata.image_data_digital52_0x4c
                0x004a09ec      0xea0 src/main.o
 .rodata.image_data_digital52_0x4d
                0x004a188c      0xea0 src/main.o
 .rodata.image_data_digital52_0x4e
                0x004a272c      0xea0 src/main.o
 .rodata.image_data_digital52_0x4f
                0x004a35cc      0xea0 src/main.o
 .rodata.image_data_digital52_0x50
                0x004a446c      0xea0 src/main.o
 .rodata.image_data_digital52_0x51
                0x004a530c      0xea0 src/main.o
 .rodata.image_data_digital52_0x52
                0x004a61ac      0xea0 src/main.o
 .rodata.image_data_digital52_0x53
                0x004a704c      0xea0 src/main.o
 .rodata.image_data_digital52_0x54
                0x004a7eec      0xea0 src/main.o
 .rodata.image_data_digital52_0x55
                0x004a8d8c      0xea0 src/main.o
 .rodata.image_data_digital52_0x56
                0x004a9c2c      0xea0 src/main.o
 .rodata.image_data_digital52_0x57
                0x004aaacc      0xea0 src/main.o
 .rodata.image_data_digital52_0x58
                0x004ab96c      0xea0 src/main.o
 .rodata.image_data_digital52_0x59
                0x004ac80c      0xea0 src/main.o
 .rodata.image_data_digital52_0x5a
                0x004ad6ac      0xea0 src/main.o
 .rodata.image_data_digital52_0x5b
                0x004ae54c      0xea0 src/main.o
 .rodata.image_data_digital52_0x5c
                0x004af3ec      0xea0 src/main.o
 .rodata.image_data_digital52_0x5d
                0x004b028c      0xea0 src/main.o
 .rodata.image_data_digital52_0x5e
                0x004b112c      0xea0 src/main.o
 .rodata.image_data_digital52_0x5f
                0x004b1fcc      0xea0 src/main.o
 .rodata.image_data_digital52_0x60
                0x004b2e6c      0xea0 src/main.o
 .rodata.image_data_digital52_0x7b
                0x004b3d0c      0xea0 src/main.o
 .rodata.image_data_digital52_0x7c
                0x004b4bac      0xea0 src/main.o
 .rodata.image_data_digital52_0x7d
                0x004b5a4c      0xea0 src/main.o
 .rodata.image_data_digital52_0x7e
                0x004b68ec      0xea0 src/main.o
 .rodata.main.str1.4
                0x004b778c       0x8f src/main.o
 *fill*         0x004b781b        0x1 
 .rodata.usart_log.str1.4
                0x004b781c        0x7 src/main.o
                                  0xb (size before relaxing)
 *fill*         0x004b7823        0x1 
 .rodata._global_impure_ptr
                0x004b7824        0x4 c:/program files (x86)/atmel/studio/7.0/toolchain/arm/arm-gnu-toolchain/bin/../lib/gcc/arm-none-eabi/6.3.1/../../../../arm-none-eabi/lib/thumb/v7e-m\libc.a(lib_a-impure.o)
                0x004b7824                _global_impure_ptr
 .rodata._svfprintf_r.str1.4
                0x004b7828       0x42 c:/program files (x86)/atmel/studio/7.0/toolchain/arm/arm-gnu-toolchain/bin/../lib/gcc/arm-none-eabi/6.3.1/../../../../arm-none-eabi/lib/thumb/v7e-m\libc.a(lib_a-svfprintf.o)
 *fill*         0x004b786a        0x2 
 .rodata.blanks.7223
                0x004b786c       0x10 c:/program files (x86)/atmel/studio/7.0/toolchain/arm/arm-gnu-toolchain/bin/../lib/gcc/arm-none-eabi/6.3.1/../../../../arm-none-eabi/lib/thumb/v7e-m\libc.a(lib_a-svfprintf.o)
 .rodata.zeroes.7224
                0x004b787c       0x10 c:/program files (x86)/atmel/studio/7.0/toolchain/arm/arm-gnu-toolchain/bin/../lib/gcc/arm-none-eabi/6.3.1/../../../../arm-none-eabi/lib/thumb/v7e-m\libc.a(lib_a-svfprintf.o)
 .rodata._dtoa_r.str1.4
                0x004b788c       0x10 c:/program files (x86)/atmel/studio/7.0/toolchain/arm/arm-gnu-toolchain/bin/../lib/gcc/arm-none-eabi/6.3.1/../../../../arm-none-eabi/lib/thumb/v7e-m\libc.a(lib_a-dtoa.o)
                                 0x12 (size before relaxing)
 *fill*         0x004b789c        0x4 
 .rodata.__mprec_bigtens
                0x004b78a0       0x28 c:/program files (x86)/atmel/studio/7.0/toolchain/arm/arm-gnu-toolchain/bin/../lib/gcc/arm-none-eabi/6.3.1/../../../../arm-none-eabi/lib/thumb/v7e-m\libc.a(lib_a-mprec.o)
                0x004b78a0                __mprec_bigtens
 .rodata.__mprec_tens
                0x004b78c8       0xc8 c:/program files (x86)/atmel/studio/7.0/toolchain/arm/arm-gnu-toolchain/bin/../lib/gcc/arm-none-eabi/6.3.1/../../../../arm-none-eabi/lib/thumb/v7e-m\libc.a(lib_a-mprec.o)
                0x004b78c8                __mprec_tens
 .rodata.p05.6055
                0x004b7990        0xc c:/program files (x86)/atmel/studio/7.0/toolchain/arm/arm-gnu-toolchain/bin/../lib/gcc/arm-none-eabi/6.3.1/../../../../arm-none-eabi/lib/thumb/v7e-m\libc.a(lib_a-mprec.o)
 .rodata._setlocale_r.str1.4
                0x004b799c        0xa c:/program files (x86)/atmel/studio/7.0/toolchain/arm/arm-gnu-toolchain/bin/../lib/gcc/arm-none-eabi/6.3.1/../../../../arm-none-eabi/lib/thumb/v7e-m\libc.a(lib_a-locale.o)
                                  0xd (size before relaxing)
 *fill*         0x004b79a6        0x2 
 .rodata.str1.4
                0x004b79a8        0x4 c:/program files (x86)/atmel/studio/7.0/toolchain/arm/arm-gnu-toolchain/bin/../lib/gcc/arm-none-eabi/6.3.1/../../../../arm-none-eabi/lib/thumb/v7e-m\libc.a(lib_a-locale.o)
                                  0x2 (size before relaxing)
 .rodata._ctype_
                0x004b79ac      0x101 c:/program files (x86)/atmel/studio/7.0/toolchain/arm/arm-gnu-toolchain/bin/../lib/gcc/arm-none-eabi/6.3.1/../../../../arm-none-eabi/lib/thumb/v7e-m\libc.a(lib_a-ctype_.o)
                0x004b79ac                _ctype_
 *(.ARM.extab* .gnu.linkonce.armextab.*)
                0x004b7ab0                . = ALIGN (0x4)
 *fill*         0x004b7aad        0x3 
 *(.init)
 .init          0x004b7ab0        0x4 c:/program files (x86)/atmel/studio/7.0/toolchain/arm/arm-gnu-toolchain/bin/../lib/gcc/arm-none-eabi/6.3.1/thumb/v7e-m/crti.o
                0x004b7ab0                _init
 .init          0x004b7ab4        0x8 c:/program files (x86)/atmel/studio/7.0/toolchain/arm/arm-gnu-toolchain/bin/../lib/gcc/arm-none-eabi/6.3.1/thumb/v7e-m/crtn.o
                0x004b7abc                . = ALIGN (0x4)
                0x004b7abc                __preinit_array_start = .
 *(.preinit_array)
                0x004b7abc                __preinit_array_end = .
                0x004b7abc                . = ALIGN (0x4)
                0x004b7abc                __init_array_start = .
 *(SORT(.init_array.*))
 .init_array.00000
                0x004b7abc        0x4 c:/program files (x86)/atmel/studio/7.0/toolchain/arm/arm-gnu-toolchain/bin/../lib/gcc/arm-none-eabi/6.3.1/../../../../arm-none-eabi/lib/thumb/v7e-m\libc.a(lib_a-__call_atexit.o)
 *(.init_array)
 .init_array    0x004b7ac0        0x4 c:/program files (x86)/atmel/studio/7.0/toolchain/arm/arm-gnu-toolchain/bin/../lib/gcc/arm-none-eabi/6.3.1/thumb/v7e-m/crtbegin.o
                0x004b7ac4                __init_array_end = .
                0x004b7ac4                . = ALIGN (0x4)
 *crtbegin.o(.ctors)
 *(EXCLUDE_FILE(*crtend.o) .ctors)
 *(SORT(.ctors.*))
 *crtend.o(.ctors)
                0x004b7ac4                . = ALIGN (0x4)
 *(.fini)
 .fini          0x004b7ac4        0x4 c:/program files (x86)/atmel/studio/7.0/toolchain/arm/arm-gnu-toolchain/bin/../lib/gcc/arm-none-eabi/6.3.1/thumb/v7e-m/crti.o
                0x004b7ac4                _fini
 .fini          0x004b7ac8        0x8 c:/program files (x86)/atmel/studio/7.0/toolchain/arm/arm-gnu-toolchain/bin/../lib/gcc/arm-none-eabi/6.3.1/thumb/v7e-m/crtn.o
                0x004b7ad0                . = ALIGN (0x4)
                0x004b7ad0                __fini_array_start = .
 *(.fini_array)
 .fini_array    0x004b7ad0        0x4 c:/program files (x86)/atmel/studio/7.0/toolchain/arm/arm-gnu-toolchain/bin/../lib/gcc/arm-none-eabi/6.3.1/thumb/v7e-m/crtbegin.o
 *(SORT(.fini_array.*))
                0x004b7ad4                __fini_array_end = .
 *crtbegin.o(.dtors)
 *(EXCLUDE_FILE(*crtend.o) .dtors)
 *(SORT(.dtors.*))
 *crtend.o(.dtors)
                0x004b7ad4                . = ALIGN (0x4)
                0x004b7ad4                _efixed = .
                [!provide]                PROVIDE (__exidx_start, .)

.vfp11_veneer   0x004b7ad4        0x0
 .vfp11_veneer  0x004b7ad4        0x0 linker stubs

.v4_bx          0x004b7ad4        0x0
 .v4_bx         0x004b7ad4        0x0 linker stubs

.iplt           0x004b7ad4        0x0
 .iplt          0x004b7ad4        0x0 c:/program files (x86)/atmel/studio/7.0/toolchain/arm/arm-gnu-toolchain/bin/../lib/gcc/arm-none-eabi/6.3.1/thumb/v7e-m/crtbegin.o

.ARM.exidx      0x004b7ad4        0x8
 *(.ARM.exidx* .gnu.linkonce.armexidx.*)
 .ARM.exidx     0x004b7ad4        0x8 c:/program files (x86)/atmel/studio/7.0/toolchain/arm/arm-gnu-toolchain/bin/../lib/gcc/arm-none-eabi/6.3.1/thumb/v7e-m\libgcc.a(_udivmoddi4.o)
                [!provide]                PROVIDE (__exidx_end, .)

.eh_frame       0x004b7adc        0x0
 .eh_frame      0x004b7adc        0x0 c:/program files (x86)/atmel/studio/7.0/toolchain/arm/arm-gnu-toolchain/bin/../lib/gcc/arm-none-eabi/6.3.1/thumb/v7e-m/crtbegin.o

.rel.dyn        0x004b7adc        0x0
 .rel.iplt      0x004b7adc        0x0 c:/program files (x86)/atmel/studio/7.0/toolchain/arm/arm-gnu-toolchain/bin/../lib/gcc/arm-none-eabi/6.3.1/thumb/v7e-m/crtbegin.o

.jcr            0x004b7adc        0x0
 .jcr           0x004b7adc        0x0 c:/program files (x86)/atmel/studio/7.0/toolchain/arm/arm-gnu-toolchain/bin/../lib/gcc/arm-none-eabi/6.3.1/thumb/v7e-m/crtbegin.o

.igot.plt       0x004b7adc        0x0
 .igot.plt      0x004b7adc        0x0 c:/program files (x86)/atmel/studio/7.0/toolchain/arm/arm-gnu-toolchain/bin/../lib/gcc/arm-none-eabi/6.3.1/thumb/v7e-m/crtbegin.o
                0x004b7adc                . = ALIGN (0x4)
                0x004b7adc                _etext = .

.relocate       0x20400000      0x9c8 load address 0x004b7adc
                0x20400000                . = ALIGN (0x4)
                0x20400000                _srelocate = .
 *(.ramfunc .ramfunc.*)
 .ramfunc       0x20400000        0xa src/ASF/common/services/delay/sam/cycle_counter.o
                0x20400000                portable_delay_cycles
 *(.data .data.*)
 .data.g_interrupt_enabled
                0x2040000a        0x1 src/ASF/common/utils/interrupt/interrupt_sam_nvic.o
                0x2040000a                g_interrupt_enabled
 *fill*         0x2040000b        0x1 
 .data.SystemCoreClock
                0x2040000c        0x4 src/ASF/sam/utils/cmsis/same70/source/templates/system_same70.o
                0x2040000c                SystemCoreClock
 .data.Beta     0x20400010        0x4 src/main.o
                0x20400010                Beta
 .data.Beta1    0x20400014        0x4 src/main.o
                0x20400014                Beta1
 .data.last_state.11768
                0x20400018        0x4 src/main.o
 .data._impure_ptr
                0x2040001c        0x4 c:/program files (x86)/atmel/studio/7.0/toolchain/arm/arm-gnu-toolchain/bin/../lib/gcc/arm-none-eabi/6.3.1/../../../../arm-none-eabi/lib/thumb/v7e-m\libc.a(lib_a-impure.o)
                0x2040001c                _impure_ptr
 .data.impure_data
                0x20400020      0x428 c:/program files (x86)/atmel/studio/7.0/toolchain/arm/arm-gnu-toolchain/bin/../lib/gcc/arm-none-eabi/6.3.1/../../../../arm-none-eabi/lib/thumb/v7e-m\libc.a(lib_a-impure.o)
 .data.__malloc_av_
                0x20400448      0x408 c:/program files (x86)/atmel/studio/7.0/toolchain/arm/arm-gnu-toolchain/bin/../lib/gcc/arm-none-eabi/6.3.1/../../../../arm-none-eabi/lib/thumb/v7e-m\libc.a(lib_a-mallocr.o)
                0x20400448                __malloc_av_
 .data.__malloc_sbrk_base
                0x20400850        0x4 c:/program files (x86)/atmel/studio/7.0/toolchain/arm/arm-gnu-toolchain/bin/../lib/gcc/arm-none-eabi/6.3.1/../../../../arm-none-eabi/lib/thumb/v7e-m\libc.a(lib_a-mallocr.o)
                0x20400850                __malloc_sbrk_base
 .data.__malloc_trim_threshold
                0x20400854        0x4 c:/program files (x86)/atmel/studio/7.0/toolchain/arm/arm-gnu-toolchain/bin/../lib/gcc/arm-none-eabi/6.3.1/../../../../arm-none-eabi/lib/thumb/v7e-m\libc.a(lib_a-mallocr.o)
                0x20400854                __malloc_trim_threshold
 .data.__atexit_recursive_mutex
                0x20400858        0x4 c:/program files (x86)/atmel/studio/7.0/toolchain/arm/arm-gnu-toolchain/bin/../lib/gcc/arm-none-eabi/6.3.1/../../../../arm-none-eabi/lib/thumb/v7e-m\libc.a(lib_a-__call_atexit.o)
                0x20400858                __atexit_recursive_mutex
 .data.__global_locale
                0x2040085c      0x16c c:/program files (x86)/atmel/studio/7.0/toolchain/arm/arm-gnu-toolchain/bin/../lib/gcc/arm-none-eabi/6.3.1/../../../../arm-none-eabi/lib/thumb/v7e-m\libc.a(lib_a-locale.o)
                0x2040085c                __global_locale
                0x204009c8                . = ALIGN (0x4)
                0x204009c8                _erelocate = .

.bss            0x204009c8      0x570 load address 0x004b84a4
                0x204009c8                . = ALIGN (0x4)
                0x204009c8                _sbss = .
                0x204009c8                _szero = .
 *(.bss .bss.*)
 .bss           0x204009c8       0x1c c:/program files (x86)/atmel/studio/7.0/toolchain/arm/arm-gnu-toolchain/bin/../lib/gcc/arm-none-eabi/6.3.1/thumb/v7e-m/crtbegin.o
 .bss.g_ul_pixel_cache
                0x204009e4      0x3c0 src/ASF/sam/components/display/ili9488/ili9488.o
 .bss.gs_interrupt_sources
                0x20400da4       0x70 src/ASF/sam/drivers/pio/pio_handler.o
 .bss.ul_reg_val.9422
                0x20400e14        0x4 src/ASF/sam/drivers/usart/usart.o
 .bss.heap.6420
                0x20400e18        0x4 src/ASF/sam/utils/syscalls/gcc/syscalls.o
 .bss.g_systimer
                0x20400e1c        0x4 src/main.o
                0x20400e1c                g_systimer
 .bss.lastBlu   0x20400e20        0x1 src/main.o
                0x20400e20                lastBlu
 .bss.tc0_handle
                0x20400e21        0x1 src/main.o
                0x20400e21                tc0_handle
 .bss.touched   0x20400e22        0x1 src/main.o
                0x20400e22                touched
 *fill*         0x20400e23        0x1 
 .bss.__malloc_current_mallinfo
                0x20400e24       0x28 c:/program files (x86)/atmel/studio/7.0/toolchain/arm/arm-gnu-toolchain/bin/../lib/gcc/arm-none-eabi/6.3.1/../../../../arm-none-eabi/lib/thumb/v7e-m\libc.a(lib_a-mallocr.o)
                0x20400e24                __malloc_current_mallinfo
 .bss.__malloc_max_sbrked_mem
                0x20400e4c        0x4 c:/program files (x86)/atmel/studio/7.0/toolchain/arm/arm-gnu-toolchain/bin/../lib/gcc/arm-none-eabi/6.3.1/../../../../arm-none-eabi/lib/thumb/v7e-m\libc.a(lib_a-mallocr.o)
                0x20400e4c                __malloc_max_sbrked_mem
 .bss.__malloc_max_total_mem
                0x20400e50        0x4 c:/program files (x86)/atmel/studio/7.0/toolchain/arm/arm-gnu-toolchain/bin/../lib/gcc/arm-none-eabi/6.3.1/../../../../arm-none-eabi/lib/thumb/v7e-m\libc.a(lib_a-mallocr.o)
                0x20400e50                __malloc_max_total_mem
 .bss.__malloc_top_pad
                0x20400e54        0x4 c:/program files (x86)/atmel/studio/7.0/toolchain/arm/arm-gnu-toolchain/bin/../lib/gcc/arm-none-eabi/6.3.1/../../../../arm-none-eabi/lib/thumb/v7e-m\libc.a(lib_a-mallocr.o)
                0x20400e54                __malloc_top_pad
 *(COMMON)
 COMMON         0x20400e58        0x6 src/ASF/common/services/sleepmgr/sam/sleepmgr.o
                0x20400e58                sleepmgr_locks
 *fill*         0x20400e5e        0x2 
 COMMON         0x20400e60       0x80 src/ASF/sam/drivers/afec/afec.o
                0x20400e60                afec_callback_pointer
 COMMON         0x20400ee0       0x30 src/main.o
                0x20400ee0                g_is_conversion_done
                0x20400ee4                g_ul_value
                0x20400ee8                SmoothDataINT
                0x20400eec                g1_conversion_done
                0x20400ef0                SmoothDataFP
                0x20400ef4                SmoothDataINT1
                0x20400ef8                SmoothDataFP1
                0x20400efc                g_ili9488_display_opt
                0x20400f0c                g1_ul_value
 COMMON         0x20400f10       0x21 c:/program files (x86)/atmel/studio/7.0/toolchain/arm/arm-gnu-toolchain/bin/../lib/gcc/arm-none-eabi/6.3.1/../../../../arm-none-eabi/lib/thumb/v7e-m\libc.a(lib_a-lock.o)
                0x20400f10                __lock___atexit_recursive_mutex
                0x20400f14                __lock___arc4random_mutex
                0x20400f18                __lock___env_recursive_mutex
                0x20400f1c                __lock___sinit_recursive_mutex
                0x20400f20                __lock___malloc_recursive_mutex
                0x20400f24                __lock___at_quick_exit_mutex
                0x20400f28                __lock___dd_hash_mutex
                0x20400f2c                __lock___tz_mutex
                0x20400f30                __lock___sfp_recursive_mutex
 *fill*         0x20400f31        0x3 
 COMMON         0x20400f34        0x4 c:/program files (x86)/atmel/studio/7.0/toolchain/arm/arm-gnu-toolchain/bin/../lib/gcc/arm-none-eabi/6.3.1/../../../../arm-none-eabi/lib/thumb/v7e-m\libc.a(lib_a-reent.o)
                0x20400f34                errno
                0x20400f38                . = ALIGN (0x4)
                0x20400f38                _ebss = .
                0x20400f38                _ezero = .

.stack          0x20400f38     0x2000 load address 0x004b8a14
                0x20400f38                . = ALIGN (0x8)
                0x20400f38                _sstack = .
                0x20402f38                . = (. + STACK_SIZE)
 *fill*         0x20400f38     0x2000 
                0x20402f38                . = ALIGN (0x8)
                0x20402f38                _estack = .

.heap           0x20402f38      0x200 load address 0x004baa14
                0x20402f38                . = ALIGN (0x8)
                0x20402f38                _sheap = .
                0x20403138                . = (. + HEAP_SIZE)
 *fill*         0x20402f38      0x200 
                0x20403138                . = ALIGN (0x8)
                0x20403138                _eheap = .
                0x20403138                . = ALIGN (0x4)
                0x20403138                _end = .
                0x2045ffff                _ram_end_ = ((ORIGIN (ram) + LENGTH (ram)) - 0x1)
OUTPUT(MXT_EXAMPLE_USART1.elf elf32-littlearm)

.ARM.attributes
                0x00000000       0x2e
 .ARM.attributes
                0x00000000       0x1e c:/program files (x86)/atmel/studio/7.0/toolchain/arm/arm-gnu-toolchain/bin/../lib/gcc/arm-none-eabi/6.3.1/thumb/v7e-m/crti.o
 .ARM.attributes
                0x0000001e       0x2e c:/program files (x86)/atmel/studio/7.0/toolchain/arm/arm-gnu-toolchain/bin/../lib/gcc/arm-none-eabi/6.3.1/thumb/v7e-m/crtbegin.o
 .ARM.attributes
                0x0000004c       0x37 src/ASF/common/components/touch/mxt/mxt_device_1.o
 .ARM.attributes
                0x00000083       0x37 src/ASF/common/services/clock/same70/sysclk.o
 .ARM.attributes
                0x000000ba       0x37 src/ASF/common/services/delay/sam/cycle_counter.o
 .ARM.attributes
                0x000000f1       0x37 src/ASF/common/services/serial/usart_serial.o
 .ARM.attributes
                0x00000128       0x37 src/ASF/common/services/sleepmgr/sam/sleepmgr.o
 .ARM.attributes
                0x0000015f       0x37 src/ASF/common/services/spi/sam_spi/spi_master.o
 .ARM.attributes
                0x00000196       0x37 src/ASF/common/utils/interrupt/interrupt_sam_nvic.o
 .ARM.attributes
                0x000001cd       0x37 src/ASF/sam/boards/same70_xplained/init.o
 .ARM.attributes
                0x00000204       0x37 src/ASF/sam/components/display/ili9488/ili9488.o
 .ARM.attributes
                0x0000023b       0x37 src/ASF/sam/drivers/afec/afec.o
 .ARM.attributes
                0x00000272       0x37 src/ASF/sam/drivers/pio/pio.o
 .ARM.attributes
                0x000002a9       0x37 src/ASF/sam/drivers/pio/pio_handler.o
 .ARM.attributes
                0x000002e0       0x37 src/ASF/sam/drivers/pmc/pmc.o
 .ARM.attributes
                0x00000317       0x37 src/ASF/sam/drivers/spi/spi.o
 .ARM.attributes
                0x0000034e       0x37 src/ASF/sam/drivers/tc/tc.o
 .ARM.attributes
                0x00000385       0x37 src/ASF/sam/drivers/twihs/twihs.o
 .ARM.attributes
                0x000003bc       0x37 src/ASF/sam/drivers/uart/uart.o
 .ARM.attributes
                0x000003f3       0x37 src/ASF/sam/drivers/usart/usart.o
 .ARM.attributes
                0x0000042a       0x37 src/ASF/sam/utils/cmsis/same70/source/templates/gcc/startup_same70.o
 .ARM.attributes
                0x00000461       0x37 src/ASF/sam/utils/cmsis/same70/source/templates/system_same70.o
 .ARM.attributes
                0x00000498       0x37 src/ASF/sam/utils/syscalls/gcc/syscalls.o
 .ARM.attributes
                0x000004cf       0x37 src/main.o
 .ARM.attributes
                0x00000506       0x2e c:/program files (x86)/atmel/studio/7.0/toolchain/arm/arm-gnu-toolchain/bin/../lib/gcc/arm-none-eabi/6.3.1/../../../../arm-none-eabi/lib/thumb/v7e-m\libc.a(lib_a-impure.o)
 .ARM.attributes
                0x00000534       0x2e c:/program files (x86)/atmel/studio/7.0/toolchain/arm/arm-gnu-toolchain/bin/../lib/gcc/arm-none-eabi/6.3.1/../../../../arm-none-eabi/lib/thumb/v7e-m\libc.a(lib_a-init.o)
 .ARM.attributes
                0x00000562       0x2e c:/program files (x86)/atmel/studio/7.0/toolchain/arm/arm-gnu-toolchain/bin/../lib/gcc/arm-none-eabi/6.3.1/../../../../arm-none-eabi/lib/thumb/v7e-m\libc.a(lib_a-malloc.o)
 .ARM.attributes
                0x00000590       0x2e c:/program files (x86)/atmel/studio/7.0/toolchain/arm/arm-gnu-toolchain/bin/../lib/gcc/arm-none-eabi/6.3.1/../../../../arm-none-eabi/lib/thumb/v7e-m\libc.a(lib_a-mallocr.o)
 .ARM.attributes
                0x000005be       0x2e c:/program files (x86)/atmel/studio/7.0/toolchain/arm/arm-gnu-toolchain/bin/../lib/gcc/arm-none-eabi/6.3.1/../../../../arm-none-eabi/lib/thumb/v7e-m\libc.a(lib_a-memset.o)
 .ARM.attributes
                0x000005ec       0x2e c:/program files (x86)/atmel/studio/7.0/toolchain/arm/arm-gnu-toolchain/bin/../lib/gcc/arm-none-eabi/6.3.1/../../../../arm-none-eabi/lib/thumb/v7e-m\libc.a(lib_a-mlock.o)
 .ARM.attributes
                0x0000061a       0x2e c:/program files (x86)/atmel/studio/7.0/toolchain/arm/arm-gnu-toolchain/bin/../lib/gcc/arm-none-eabi/6.3.1/../../../../arm-none-eabi/lib/thumb/v7e-m\libc.a(lib_a-sbrkr.o)
 .ARM.attributes
                0x00000648       0x2e c:/program files (x86)/atmel/studio/7.0/toolchain/arm/arm-gnu-toolchain/bin/../lib/gcc/arm-none-eabi/6.3.1/../../../../arm-none-eabi/lib/thumb/v7e-m\libc.a(lib_a-sprintf.o)
 .ARM.attributes
                0x00000676       0x2e c:/program files (x86)/atmel/studio/7.0/toolchain/arm/arm-gnu-toolchain/bin/../lib/gcc/arm-none-eabi/6.3.1/../../../../arm-none-eabi/lib/thumb/v7e-m\libc.a(lib_a-strcat.o)
 .ARM.attributes
                0x000006a4       0x2e c:/program files (x86)/atmel/studio/7.0/toolchain/arm/arm-gnu-toolchain/bin/../lib/gcc/arm-none-eabi/6.3.1/../../../../arm-none-eabi/lib/thumb/v7e-m\libc.a(lib_a-strcpy.o)
 .ARM.attributes
                0x000006d2       0x1c c:/program files (x86)/atmel/studio/7.0/toolchain/arm/arm-gnu-toolchain/bin/../lib/gcc/arm-none-eabi/6.3.1/../../../../arm-none-eabi/lib/thumb/v7e-m\libc.a(lib_a-strlen.o)
 .ARM.attributes
                0x000006ee       0x2e c:/program files (x86)/atmel/studio/7.0/toolchain/arm/arm-gnu-toolchain/bin/../lib/gcc/arm-none-eabi/6.3.1/../../../../arm-none-eabi/lib/thumb/v7e-m\libc.a(lib_a-svfprintf.o)
 .ARM.attributes
                0x0000071c       0x2e c:/program files (x86)/atmel/studio/7.0/toolchain/arm/arm-gnu-toolchain/bin/../lib/gcc/arm-none-eabi/6.3.1/../../../../arm-none-eabi/lib/thumb/v7e-m\libc.a(lib_a-__call_atexit.o)
 .ARM.attributes
                0x0000074a       0x2e c:/program files (x86)/atmel/studio/7.0/toolchain/arm/arm-gnu-toolchain/bin/../lib/gcc/arm-none-eabi/6.3.1/../../../../arm-none-eabi/lib/thumb/v7e-m\libc.a(lib_a-atexit.o)
 .ARM.attributes
                0x00000778       0x2e c:/program files (x86)/atmel/studio/7.0/toolchain/arm/arm-gnu-toolchain/bin/../lib/gcc/arm-none-eabi/6.3.1/../../../../arm-none-eabi/lib/thumb/v7e-m\libc.a(lib_a-dtoa.o)
 .ARM.attributes
                0x000007a6       0x2e c:/program files (x86)/atmel/studio/7.0/toolchain/arm/arm-gnu-toolchain/bin/../lib/gcc/arm-none-eabi/6.3.1/../../../../arm-none-eabi/lib/thumb/v7e-m\libc.a(lib_a-fini.o)
 .ARM.attributes
                0x000007d4       0x2e c:/program files (x86)/atmel/studio/7.0/toolchain/arm/arm-gnu-toolchain/bin/../lib/gcc/arm-none-eabi/6.3.1/../../../../arm-none-eabi/lib/thumb/v7e-m\libc.a(lib_a-freer.o)
 .ARM.attributes
                0x00000802       0x2e c:/program files (x86)/atmel/studio/7.0/toolchain/arm/arm-gnu-toolchain/bin/../lib/gcc/arm-none-eabi/6.3.1/../../../../arm-none-eabi/lib/thumb/v7e-m\libc.a(lib_a-localeconv.o)
 .ARM.attributes
                0x00000830       0x2e c:/program files (x86)/atmel/studio/7.0/toolchain/arm/arm-gnu-toolchain/bin/../lib/gcc/arm-none-eabi/6.3.1/../../../../arm-none-eabi/lib/thumb/v7e-m\libc.a(lib_a-lock.o)
 .ARM.attributes
                0x0000085e       0x1c c:/program files (x86)/atmel/studio/7.0/toolchain/arm/arm-gnu-toolchain/bin/../lib/gcc/arm-none-eabi/6.3.1/../../../../arm-none-eabi/lib/thumb/v7e-m\libc.a(lib_a-memchr.o)
 .ARM.attributes
                0x0000087a       0x1c c:/program files (x86)/atmel/studio/7.0/toolchain/arm/arm-gnu-toolchain/bin/../lib/gcc/arm-none-eabi/6.3.1/../../../../arm-none-eabi/lib/thumb/v7e-m\libc.a(lib_a-memcpy.o)
 .ARM.attributes
                0x00000896       0x2e c:/program files (x86)/atmel/studio/7.0/toolchain/arm/arm-gnu-toolchain/bin/../lib/gcc/arm-none-eabi/6.3.1/../../../../arm-none-eabi/lib/thumb/v7e-m\libc.a(lib_a-mprec.o)
 .ARM.attributes
                0x000008c4       0x2e c:/program files (x86)/atmel/studio/7.0/toolchain/arm/arm-gnu-toolchain/bin/../lib/gcc/arm-none-eabi/6.3.1/../../../../arm-none-eabi/lib/thumb/v7e-m\libc.a(lib_a-reent.o)
 .ARM.attributes
                0x000008f2       0x2e c:/program files (x86)/atmel/studio/7.0/toolchain/arm/arm-gnu-toolchain/bin/../lib/gcc/arm-none-eabi/6.3.1/../../../../arm-none-eabi/lib/thumb/v7e-m\libc.a(lib_a-svfiprintf.o)
 .ARM.attributes
                0x00000920       0x2e c:/program files (x86)/atmel/studio/7.0/toolchain/arm/arm-gnu-toolchain/bin/../lib/gcc/arm-none-eabi/6.3.1/../../../../arm-none-eabi/lib/thumb/v7e-m\libc.a(lib_a-__atexit.o)
 .ARM.attributes
                0x0000094e       0x2e c:/program files (x86)/atmel/studio/7.0/toolchain/arm/arm-gnu-toolchain/bin/../lib/gcc/arm-none-eabi/6.3.1/../../../../arm-none-eabi/lib/thumb/v7e-m\libc.a(lib_a-callocr.o)
 .ARM.attributes
                0x0000097c       0x2e c:/program files (x86)/atmel/studio/7.0/toolchain/arm/arm-gnu-toolchain/bin/../lib/gcc/arm-none-eabi/6.3.1/../../../../arm-none-eabi/lib/thumb/v7e-m\libc.a(lib_a-locale.o)
 .ARM.attributes
                0x000009aa       0x2e c:/program files (x86)/atmel/studio/7.0/toolchain/arm/arm-gnu-toolchain/bin/../lib/gcc/arm-none-eabi/6.3.1/../../../../arm-none-eabi/lib/thumb/v7e-m\libc.a(lib_a-mbtowc_r.o)
 .ARM.attributes
                0x000009d8       0x2e c:/program files (x86)/atmel/studio/7.0/toolchain/arm/arm-gnu-toolchain/bin/../lib/gcc/arm-none-eabi/6.3.1/../../../../arm-none-eabi/lib/thumb/v7e-m\libc.a(lib_a-memmove.o)
 .ARM.attributes
                0x00000a06       0x2e c:/program files (x86)/atmel/studio/7.0/toolchain/arm/arm-gnu-toolchain/bin/../lib/gcc/arm-none-eabi/6.3.1/../../../../arm-none-eabi/lib/thumb/v7e-m\libc.a(lib_a-reallocr.o)
 .ARM.attributes
                0x00000a34       0x2e c:/program files (x86)/atmel/studio/7.0/toolchain/arm/arm-gnu-toolchain/bin/../lib/gcc/arm-none-eabi/6.3.1/../../../../arm-none-eabi/lib/thumb/v7e-m\libc.a(lib_a-wctomb_r.o)
 .ARM.attributes
                0x00000a62       0x2e c:/program files (x86)/atmel/studio/7.0/toolchain/arm/arm-gnu-toolchain/bin/../lib/gcc/arm-none-eabi/6.3.1/../../../../arm-none-eabi/lib/thumb/v7e-m\libc.a(lib_a-ctype_.o)
 .ARM.attributes
                0x00000a90       0x1e c:/program files (x86)/atmel/studio/7.0/toolchain/arm/arm-gnu-toolchain/bin/../lib/gcc/arm-none-eabi/6.3.1/thumb/v7e-m\libgcc.a(_arm_addsubdf3.o)
 .ARM.attributes
                0x00000aae       0x1e c:/program files (x86)/atmel/studio/7.0/toolchain/arm/arm-gnu-toolchain/bin/../lib/gcc/arm-none-eabi/6.3.1/thumb/v7e-m\libgcc.a(_arm_muldivdf3.o)
 .ARM.attributes
                0x00000acc       0x1e c:/program files (x86)/atmel/studio/7.0/toolchain/arm/arm-gnu-toolchain/bin/../lib/gcc/arm-none-eabi/6.3.1/thumb/v7e-m\libgcc.a(_arm_cmpdf2.o)
 .ARM.attributes
                0x00000aea       0x1e c:/program files (x86)/atmel/studio/7.0/toolchain/arm/arm-gnu-toolchain/bin/../lib/gcc/arm-none-eabi/6.3.1/thumb/v7e-m\libgcc.a(_arm_unorddf2.o)
 .ARM.attributes
                0x00000b08       0x1e c:/program files (x86)/atmel/studio/7.0/toolchain/arm/arm-gnu-toolchain/bin/../lib/gcc/arm-none-eabi/6.3.1/thumb/v7e-m\libgcc.a(_arm_fixdfsi.o)
 .ARM.attributes
                0x00000b26       0x1e c:/program files (x86)/atmel/studio/7.0/toolchain/arm/arm-gnu-toolchain/bin/../lib/gcc/arm-none-eabi/6.3.1/thumb/v7e-m\libgcc.a(_aeabi_uldivmod.o)
 .ARM.attributes
                0x00000b44       0x2e c:/program files (x86)/atmel/studio/7.0/toolchain/arm/arm-gnu-toolchain/bin/../lib/gcc/arm-none-eabi/6.3.1/thumb/v7e-m\libgcc.a(_udivmoddi4.o)
 .ARM.attributes
                0x00000b72       0x1e c:/program files (x86)/atmel/studio/7.0/toolchain/arm/arm-gnu-toolchain/bin/../lib/gcc/arm-none-eabi/6.3.1/thumb/v7e-m\libgcc.a(_dvmd_tls.o)
 .ARM.attributes
                0x00000b90       0x1e c:/program files (x86)/atmel/studio/7.0/toolchain/arm/arm-gnu-toolchain/bin/../lib/gcc/arm-none-eabi/6.3.1/thumb/v7e-m/crtn.o

.comment        0x00000000       0x59
 .comment       0x00000000       0x59 src/ASF/common/components/touch/mxt/mxt_device_1.o
                                 0x5a (size before relaxing)
 .comment       0x00000059       0x5a src/ASF/common/services/clock/same70/sysclk.o
 .comment       0x00000059       0x5a src/ASF/common/services/delay/sam/cycle_counter.o
 .comment       0x00000059       0x5a src/ASF/common/services/serial/usart_serial.o
 .comment       0x00000059       0x5a src/ASF/common/services/sleepmgr/sam/sleepmgr.o
 .comment       0x00000059       0x5a src/ASF/common/services/spi/sam_spi/spi_master.o
 .comment       0x00000059       0x5a src/ASF/common/utils/interrupt/interrupt_sam_nvic.o
 .comment       0x00000059       0x5a src/ASF/sam/boards/same70_xplained/init.o
 .comment       0x00000059       0x5a src/ASF/sam/components/display/ili9488/ili9488.o
 .comment       0x00000059       0x5a src/ASF/sam/drivers/afec/afec.o
 .comment       0x00000059       0x5a src/ASF/sam/drivers/pio/pio.o
 .comment       0x00000059       0x5a src/ASF/sam/drivers/pio/pio_handler.o
 .comment       0x00000059       0x5a src/ASF/sam/drivers/pmc/pmc.o
 .comment       0x00000059       0x5a src/ASF/sam/drivers/spi/spi.o
 .comment       0x00000059       0x5a src/ASF/sam/drivers/tc/tc.o
 .comment       0x00000059       0x5a src/ASF/sam/drivers/twihs/twihs.o
 .comment       0x00000059       0x5a src/ASF/sam/drivers/uart/uart.o
 .comment       0x00000059       0x5a src/ASF/sam/drivers/usart/usart.o
 .comment       0x00000059       0x5a src/ASF/sam/utils/cmsis/same70/source/templates/gcc/startup_same70.o
 .comment       0x00000059       0x5a src/ASF/sam/utils/cmsis/same70/source/templates/system_same70.o
 .comment       0x00000059       0x5a src/ASF/sam/utils/syscalls/gcc/syscalls.o
 .comment       0x00000059       0x5a src/main.o

.debug_info     0x00000000    0x23b77
 .debug_info    0x00000000     0x240d src/ASF/common/components/touch/mxt/mxt_device_1.o
 .debug_info    0x0000240d     0x12a4 src/ASF/common/services/clock/same70/sysclk.o
 .debug_info    0x000036b1      0xa45 src/ASF/common/services/delay/sam/cycle_counter.o
 .debug_info    0x000040f6     0x1174 src/ASF/common/services/serial/usart_serial.o
 .debug_info    0x0000526a      0xa8e src/ASF/common/services/sleepmgr/sam/sleepmgr.o
 .debug_info    0x00005cf8     0x15fe src/ASF/common/services/spi/sam_spi/spi_master.o
 .debug_info    0x000072f6      0xb01 src/ASF/common/utils/interrupt/interrupt_sam_nvic.o
 .debug_info    0x00007df7     0x24e7 src/ASF/sam/boards/same70_xplained/init.o
 .debug_info    0x0000a2de     0x28a4 src/ASF/sam/components/display/ili9488/ili9488.o
 .debug_info    0x0000cb82     0x24aa src/ASF/sam/drivers/afec/afec.o
 .debug_info    0x0000f02c     0x2174 src/ASF/sam/drivers/pio/pio.o
 .debug_info    0x000111a0     0x1b60 src/ASF/sam/drivers/pio/pio_handler.o
 .debug_info    0x00012d00     0x1f12 src/ASF/sam/drivers/pmc/pmc.o
 .debug_info    0x00014c12     0x1181 src/ASF/sam/drivers/spi/spi.o
 .debug_info    0x00015d93     0x1269 src/ASF/sam/drivers/tc/tc.o
 .debug_info    0x00016ffc     0x1599 src/ASF/sam/drivers/twihs/twihs.o
 .debug_info    0x00018595     0x1072 src/ASF/sam/drivers/uart/uart.o
 .debug_info    0x00019607     0x23ac src/ASF/sam/drivers/usart/usart.o
 .debug_info    0x0001b9b3     0x1600 src/ASF/sam/utils/cmsis/same70/source/templates/gcc/startup_same70.o
 .debug_info    0x0001cfb3      0x5d0 src/ASF/sam/utils/cmsis/same70/source/templates/system_same70.o
 .debug_info    0x0001d583      0xdb0 src/ASF/sam/utils/syscalls/gcc/syscalls.o
 .debug_info    0x0001e333     0x5844 src/main.o

.debug_abbrev   0x00000000     0x46cd
 .debug_abbrev  0x00000000      0x44d src/ASF/common/components/touch/mxt/mxt_device_1.o
 .debug_abbrev  0x0000044d      0x31f src/ASF/common/services/clock/same70/sysclk.o
 .debug_abbrev  0x0000076c      0x1b3 src/ASF/common/services/delay/sam/cycle_counter.o
 .debug_abbrev  0x0000091f      0x2b1 src/ASF/common/services/serial/usart_serial.o
 .debug_abbrev  0x00000bd0      0x1b2 src/ASF/common/services/sleepmgr/sam/sleepmgr.o
 .debug_abbrev  0x00000d82      0x3c1 src/ASF/common/services/spi/sam_spi/spi_master.o
 .debug_abbrev  0x00001143      0x212 src/ASF/common/utils/interrupt/interrupt_sam_nvic.o
 .debug_abbrev  0x00001355      0x37e src/ASF/sam/boards/same70_xplained/init.o
 .debug_abbrev  0x000016d3      0x41d src/ASF/sam/components/display/ili9488/ili9488.o
 .debug_abbrev  0x00001af0      0x4e4 src/ASF/sam/drivers/afec/afec.o
 .debug_abbrev  0x00001fd4      0x410 src/ASF/sam/drivers/pio/pio.o
 .debug_abbrev  0x000023e4      0x32f src/ASF/sam/drivers/pio/pio_handler.o
 .debug_abbrev  0x00002713      0x398 src/ASF/sam/drivers/pmc/pmc.o
 .debug_abbrev  0x00002aab      0x3b2 src/ASF/sam/drivers/spi/spi.o
 .debug_abbrev  0x00002e5d      0x2a0 src/ASF/sam/drivers/tc/tc.o
 .debug_abbrev  0x000030fd      0x39f src/ASF/sam/drivers/twihs/twihs.o
 .debug_abbrev  0x0000349c      0x27b src/ASF/sam/drivers/uart/uart.o
 .debug_abbrev  0x00003717      0x3ca src/ASF/sam/drivers/usart/usart.o
 .debug_abbrev  0x00003ae1      0x2e4 src/ASF/sam/utils/cmsis/same70/source/templates/gcc/startup_same70.o
 .debug_abbrev  0x00003dc5      0x102 src/ASF/sam/utils/cmsis/same70/source/templates/system_same70.o
 .debug_abbrev  0x00003ec7      0x264 src/ASF/sam/utils/syscalls/gcc/syscalls.o
 .debug_abbrev  0x0000412b      0x5a2 src/main.o

.debug_loc      0x00000000     0x9ff1
 .debug_loc     0x00000000      0xfd8 src/ASF/common/components/touch/mxt/mxt_device_1.o
 .debug_loc     0x00000fd8      0x183 src/ASF/common/services/clock/same70/sysclk.o
 .debug_loc     0x0000115b      0x2a7 src/ASF/common/services/serial/usart_serial.o
 .debug_loc     0x00001402      0xab0 src/ASF/common/services/spi/sam_spi/spi_master.o
 .debug_loc     0x00001eb2      0x2d9 src/ASF/sam/boards/same70_xplained/init.o
 .debug_loc     0x0000218b     0x18a1 src/ASF/sam/components/display/ili9488/ili9488.o
 .debug_loc     0x00003a2c      0xa8b src/ASF/sam/drivers/afec/afec.o
 .debug_loc     0x000044b7      0xea4 src/ASF/sam/drivers/pio/pio.o
 .debug_loc     0x0000535b      0x588 src/ASF/sam/drivers/pio/pio_handler.o
 .debug_loc     0x000058e3      0xc33 src/ASF/sam/drivers/pmc/pmc.o
 .debug_loc     0x00006516      0x610 src/ASF/sam/drivers/spi/spi.o
 .debug_loc     0x00006b26      0x5a4 src/ASF/sam/drivers/tc/tc.o
 .debug_loc     0x000070ca      0xc59 src/ASF/sam/drivers/twihs/twihs.o
 .debug_loc     0x00007d23      0x2a3 src/ASF/sam/drivers/uart/uart.o
 .debug_loc     0x00007fc6      0xf35 src/ASF/sam/drivers/usart/usart.o
 .debug_loc     0x00008efb       0x77 src/ASF/sam/utils/cmsis/same70/source/templates/gcc/startup_same70.o
 .debug_loc     0x00008f72       0xfd src/ASF/sam/utils/syscalls/gcc/syscalls.o
 .debug_loc     0x0000906f      0xf82 src/main.o

.debug_aranges  0x00000000      0xf60
 .debug_aranges
                0x00000000       0x90 src/ASF/common/components/touch/mxt/mxt_device_1.o
 .debug_aranges
                0x00000090       0x40 src/ASF/common/services/clock/same70/sysclk.o
 .debug_aranges
                0x000000d0       0x20 src/ASF/common/services/delay/sam/cycle_counter.o
 .debug_aranges
                0x000000f0       0x28 src/ASF/common/services/serial/usart_serial.o
 .debug_aranges
                0x00000118       0x18 src/ASF/common/services/sleepmgr/sam/sleepmgr.o
 .debug_aranges
                0x00000130       0x50 src/ASF/common/services/spi/sam_spi/spi_master.o
 .debug_aranges
                0x00000180       0x28 src/ASF/common/utils/interrupt/interrupt_sam_nvic.o
 .debug_aranges
                0x000001a8       0x20 src/ASF/sam/boards/same70_xplained/init.o
 .debug_aranges
                0x000001c8      0x138 src/ASF/sam/components/display/ili9488/ili9488.o
 .debug_aranges
                0x00000300       0xb8 src/ASF/sam/drivers/afec/afec.o
 .debug_aranges
                0x000003b8      0x1a8 src/ASF/sam/drivers/pio/pio.o
 .debug_aranges
                0x00000560       0x60 src/ASF/sam/drivers/pio/pio_handler.o
 .debug_aranges
                0x000005c0      0x250 src/ASF/sam/drivers/pmc/pmc.o
 .debug_aranges
                0x00000810       0x90 src/ASF/sam/drivers/spi/spi.o
 .debug_aranges
                0x000008a0       0xd0 src/ASF/sam/drivers/tc/tc.o
 .debug_aranges
                0x00000970       0xe8 src/ASF/sam/drivers/twihs/twihs.o
 .debug_aranges
                0x00000a58       0xd8 src/ASF/sam/drivers/uart/uart.o
 .debug_aranges
                0x00000b30      0x2a8 src/ASF/sam/drivers/usart/usart.o
 .debug_aranges
                0x00000dd8       0x28 src/ASF/sam/utils/cmsis/same70/source/templates/gcc/startup_same70.o
 .debug_aranges
                0x00000e00       0x30 src/ASF/sam/utils/cmsis/same70/source/templates/system_same70.o
 .debug_aranges
                0x00000e30       0x60 src/ASF/sam/utils/syscalls/gcc/syscalls.o
 .debug_aranges
                0x00000e90       0xd0 src/main.o

.debug_ranges   0x00000000     0x1150
 .debug_ranges  0x00000000      0x148 src/ASF/common/components/touch/mxt/mxt_device_1.o
 .debug_ranges  0x00000148       0x30 src/ASF/common/services/clock/same70/sysclk.o
 .debug_ranges  0x00000178       0x10 src/ASF/common/services/delay/sam/cycle_counter.o
 .debug_ranges  0x00000188       0x48 src/ASF/common/services/serial/usart_serial.o
 .debug_ranges  0x000001d0       0x88 src/ASF/common/services/spi/sam_spi/spi_master.o
 .debug_ranges  0x00000258       0x18 src/ASF/common/utils/interrupt/interrupt_sam_nvic.o
 .debug_ranges  0x00000270       0x10 src/ASF/sam/boards/same70_xplained/init.o
 .debug_ranges  0x00000280      0x160 src/ASF/sam/components/display/ili9488/ili9488.o
 .debug_ranges  0x000003e0       0xc0 src/ASF/sam/drivers/afec/afec.o
 .debug_ranges  0x000004a0      0x2a0 src/ASF/sam/drivers/pio/pio.o
 .debug_ranges  0x00000740       0x68 src/ASF/sam/drivers/pio/pio_handler.o
 .debug_ranges  0x000007a8      0x240 src/ASF/sam/drivers/pmc/pmc.o
 .debug_ranges  0x000009e8       0x80 src/ASF/sam/drivers/spi/spi.o
 .debug_ranges  0x00000a68       0xc0 src/ASF/sam/drivers/tc/tc.o
 .debug_ranges  0x00000b28       0xd8 src/ASF/sam/drivers/twihs/twihs.o
 .debug_ranges  0x00000c00       0xc8 src/ASF/sam/drivers/uart/uart.o
 .debug_ranges  0x00000cc8      0x298 src/ASF/sam/drivers/usart/usart.o
 .debug_ranges  0x00000f60       0x18 src/ASF/sam/utils/cmsis/same70/source/templates/gcc/startup_same70.o
 .debug_ranges  0x00000f78       0x20 src/ASF/sam/utils/cmsis/same70/source/templates/system_same70.o
 .debug_ranges  0x00000f98       0x50 src/ASF/sam/utils/syscalls/gcc/syscalls.o
 .debug_ranges  0x00000fe8      0x168 src/main.o

.debug_macro    0x00000000    0x23294
 .debug_macro   0x00000000      0x750 src/ASF/common/components/touch/mxt/mxt_device_1.o
 .debug_macro   0x00000750      0x8d4 src/ASF/common/components/touch/mxt/mxt_device_1.o
 .debug_macro   0x00001024      0x6d7 src/ASF/common/components/touch/mxt/mxt_device_1.o
 .debug_macro   0x000016fb      0x16d src/ASF/common/components/touch/mxt/mxt_device_1.o
 .debug_macro   0x00001868       0x76 src/ASF/common/components/touch/mxt/mxt_device_1.o
 .debug_macro   0x000018de       0x16 src/ASF/common/components/touch/mxt/mxt_device_1.o
 .debug_macro   0x000018f4      0x6da src/ASF/common/components/touch/mxt/mxt_device_1.o
 .debug_macro   0x00001fce       0x22 src/ASF/common/components/touch/mxt/mxt_device_1.o
 .debug_macro   0x00001ff0       0x87 src/ASF/common/components/touch/mxt/mxt_device_1.o
 .debug_macro   0x00002077       0x51 src/ASF/common/components/touch/mxt/mxt_device_1.o
 .debug_macro   0x000020c8       0xef src/ASF/common/components/touch/mxt/mxt_device_1.o
 .debug_macro   0x000021b7       0x6a src/ASF/common/components/touch/mxt/mxt_device_1.o
 .debug_macro   0x00002221      0x1df src/ASF/common/components/touch/mxt/mxt_device_1.o
 .debug_macro   0x00002400       0x51 src/ASF/common/components/touch/mxt/mxt_device_1.o
 .debug_macro   0x00002451       0x3b src/ASF/common/components/touch/mxt/mxt_device_1.o
 .debug_macro   0x0000248c       0x2d src/ASF/common/components/touch/mxt/mxt_device_1.o
 .debug_macro   0x000024b9       0x26 src/ASF/common/components/touch/mxt/mxt_device_1.o
 .debug_macro   0x000024df      0xf9a src/ASF/common/components/touch/mxt/mxt_device_1.o
 .debug_macro   0x00003479      0x191 src/ASF/common/components/touch/mxt/mxt_device_1.o
 .debug_macro   0x0000360a      0x2ee src/ASF/common/components/touch/mxt/mxt_device_1.o
 .debug_macro   0x000038f8      0xa23 src/ASF/common/components/touch/mxt/mxt_device_1.o
 .debug_macro   0x0000431b      0x1b4 src/ASF/common/components/touch/mxt/mxt_device_1.o
 .debug_macro   0x000044cf      0x35f src/ASF/common/components/touch/mxt/mxt_device_1.o
 .debug_macro   0x0000482e      0x15a src/ASF/common/components/touch/mxt/mxt_device_1.o
 .debug_macro   0x00004988     0x18b3 src/ASF/common/components/touch/mxt/mxt_device_1.o
 .debug_macro   0x0000623b       0x1c src/ASF/common/components/touch/mxt/mxt_device_1.o
 .debug_macro   0x00006257      0x6a2 src/ASF/common/components/touch/mxt/mxt_device_1.o
 .debug_macro   0x000068f9      0x3ba src/ASF/common/components/touch/mxt/mxt_device_1.o
 .debug_macro   0x00006cb3      0x4f0 src/ASF/common/components/touch/mxt/mxt_device_1.o
 .debug_macro   0x000071a3      0x5cb src/ASF/common/components/touch/mxt/mxt_device_1.o
 .debug_macro   0x0000776e     0x1527 src/ASF/common/components/touch/mxt/mxt_device_1.o
 .debug_macro   0x00008c95     0x2a40 src/ASF/common/components/touch/mxt/mxt_device_1.o
 .debug_macro   0x0000b6d5     0x113e src/ASF/common/components/touch/mxt/mxt_device_1.o
 .debug_macro   0x0000c813      0xcdb src/ASF/common/components/touch/mxt/mxt_device_1.o
 .debug_macro   0x0000d4ee      0x3c6 src/ASF/common/components/touch/mxt/mxt_device_1.o
 .debug_macro   0x0000d8b4       0xa0 src/ASF/common/components/touch/mxt/mxt_device_1.o
 .debug_macro   0x0000d954       0x76 src/ASF/common/components/touch/mxt/mxt_device_1.o
 .debug_macro   0x0000d9ca      0x442 src/ASF/common/components/touch/mxt/mxt_device_1.o
 .debug_macro   0x0000de0c       0x64 src/ASF/common/components/touch/mxt/mxt_device_1.o